 ray

 Timestamp is 5ac7968c (Fri Apr  6 23:47:24 2018)

 Preferred load address is 00400000

 Start         Length     Name                   Class
 0001:00000000 000001e0H .text$di                CODE
 0001:000001e0 00077700H .text$mn                CODE
 0001:000778e0 00002690H .text$x                 CODE
 0001:00079f70 000000d9H .text$yd                CODE
 0002:00000000 000006bcH .idata$5                DATA
 0002:000006bc 00000004H .00cfg                  DATA
 0002:000006c0 00000004H .CRT$XCA                DATA
 0002:000006c4 00000004H .CRT$XCAA               DATA
 0002:000006c8 00000004H .CRT$XCL                DATA
 0002:000006cc 0000002cH .CRT$XCU                DATA
 0002:000006f8 00000004H .CRT$XCZ                DATA
 0002:000006fc 00000004H .CRT$XIA                DATA
 0002:00000700 00000004H .CRT$XIAA               DATA
 0002:00000704 00000004H .CRT$XIAC               DATA
 0002:00000708 00000004H .CRT$XIC                DATA
 0002:0000070c 00000004H .CRT$XIZ                DATA
 0002:00000710 00000004H .CRT$XLA                DATA
 0002:00000714 00000004H .CRT$XLZ                DATA
 0002:00000718 00000004H .CRT$XPA                DATA
 0002:0000071c 00000004H .CRT$XPZ                DATA
 0002:00000720 00000004H .CRT$XTA                DATA
 0002:00000724 0000000cH .CRT$XTZ                DATA
 0002:00000730 00007ea4H .rdata                  DATA
 0002:000085d4 00000018H .rdata$T                DATA
 0002:000085ec 000024f8H .rdata$r                DATA
 0002:0000aae4 000003b8H .rdata$zzzdbg           DATA
 0002:0000ae9c 00000004H .rtc$IAA                DATA
 0002:0000aea0 00000004H .rtc$IZZ                DATA
 0002:0000aea4 00000004H .rtc$TAA                DATA
 0002:0000aea8 00000008H .rtc$TZZ                DATA
 0002:0000aeb0 0000273cH .xdata$x                DATA
 0002:0000d5ec 00000000H .edata                  DATA
 0002:0000d5ec 000001b8H .idata$2                DATA
 0002:0000d7a4 00000014H .idata$3                DATA
 0002:0000d7b8 000006bcH .idata$4                DATA
 0002:0000de74 0000248cH .idata$6                DATA
 0003:00000000 00001ed8H .data                   DATA
 0003:00001ed8 00000e80H .data$r                 DATA
 0003:00002d58 000055e0H .bss                    DATA
 0004:00000000 00000058H .gfids$y                DATA
 0005:00000000 00000004H .tls                    DATA
 0005:00000004 00000004H .tls$                   DATA
 0005:00000008 00000001H .tls$ZZZ                DATA
 0006:00000000 00000060H .rsrc$01                DATA
 0006:00000060 00000180H .rsrc$02                DATA

  Address         Publics by Value              Rva+Base       Lib:Object

 0000:00000000       ___safe_se_handler_count   00000000     <absolute>
 0000:00000000       ___guard_iat_count         00000000     <absolute>
 0000:00000000       ___guard_iat_table         00000000     <absolute>
 0000:00000000       ___dynamic_value_reloc_table 00000000     <absolute>
 0000:00000000       ___safe_se_handler_table   00000000     <absolute>
 0000:00000000       ___guard_longjmp_table     00000000     <absolute>
 0000:00000000       ___guard_longjmp_count     00000000     <absolute>
 0000:00000000       ___guard_fids_count        00000000     <absolute>
 0000:00000000       ___guard_fids_table        00000000     <absolute>
 0000:0000002c       __tls_array                0000002c     <absolute>
 0000:00000100       ___guard_flags             00000100     <absolute>
 0000:00000000       ___ImageBase               00400000     <linker-defined>
 0001:000001e0       ?GetOption@@YAHHPAPADPAD0@Z 004011e0 f   getopt.obj
 0001:000002c0       ?getopt@@YAHHPAPADPAD@Z    004012c0 f   getopt.obj
 0001:00000300       ??$__vcrt_va_start_verify_argument_type@QBD@@YAXXZ 00401300 f i main.obj
 0001:00000310       ??_H@YGXPAXIIP6EPAX0@Z@Z   00401310 f i main.obj
 0001:00000340       ?processArgs@@YA_NHPAPAD@Z 00401340 f   main.obj
 0001:00000430       ?usage@@YAXXZ              00401430 f   main.obj
 0001:00000450       ___local_stdio_printf_options 00401450 f i main.obj
 0001:00000460       _fprintf                   00401460 f i main.obj
 0001:00000490       _main                      00401490 f   main.obj
 0001:000006d0       ??$?0HVMaterial@@X$0A@@?$pair@$$CBHVMaterial@@@std@@QAE@$$QAU?$pair@HVMaterial@@@1@@Z 004016d0 f i RayTracer.obj
 0001:000007e0       ??$_Buynode@U?$pair@HVMaterial@@@std@@@?$_Tree_comp_alloc@V?$_Tmap_traits@HVMaterial@@U?$less@H@std@@V?$allocator@U?$pair@$$CBHVMaterial@@@std@@@3@$0A@@std@@@std@@QAEPAU?$_Tree_node@U?$pair@$$CBHVMaterial@@@std@@PAX@1@$$QAU?$pair@HVMaterial@@@1@@Z 004017e0 f i RayTracer.obj
 0001:00000810       ??$_Distance1@V?$_Tree_iterator@V?$_Tree_val@U?$_Tree_simple_types@U?$pair@$$CBHVMaterial@@@std@@@std@@@std@@@std@@@std@@YAHV?$_Tree_iterator@V?$_Tree_val@U?$_Tree_simple_types@U?$pair@$$CBHVMaterial@@@std@@@std@@@std@@@0@0Uinput_iterator_tag@0@@Z 00401810 f i RayTracer.obj
 0001:00000880       ??$_Eqrange@H@?$_Tree@V?$_Tmap_traits@HVMaterial@@U?$less@H@std@@V?$allocator@U?$pair@$$CBHVMaterial@@@std@@@3@$0A@@std@@@std@@IBE?AU?$pair@V?$_Tree_const_iterator@V?$_Tree_val@U?$_Tree_simple_types@U?$pair@$$CBHVMaterial@@@std@@@std@@@std@@@std@@V12@@1@ABH@Z 00401880 f i RayTracer.obj
 0001:00000900       ??$_Insert_at@AAU?$pair@$$CBHVMaterial@@@std@@PAU?$_Tree_node@U?$pair@$$CBHVMaterial@@@std@@PAX@2@@?$_Tree@V?$_Tmap_traits@HVMaterial@@U?$less@H@std@@V?$allocator@U?$pair@$$CBHVMaterial@@@std@@@3@$0A@@std@@@std@@IAE?AV?$_Tree_iterator@V?$_Tree_val@U?$_Tree_simple_types@U?$pair@$$CBHVMaterial@@@std@@@std@@@std@@@1@_NPAU?$_Tree_node@U?$pair@$$CBHVMaterial@@@std@@PAX@1@AAU?$pair@$$CBHVMaterial@@@1@1@Z 00401900 f i RayTracer.obj
 0001:00000aa0       ??$_Insert_nohint@AAU?$pair@$$CBHVMaterial@@@std@@PAU?$_Tree_node@U?$pair@$$CBHVMaterial@@@std@@PAX@2@@?$_Tree@V?$_Tmap_traits@HVMaterial@@U?$less@H@std@@V?$allocator@U?$pair@$$CBHVMaterial@@@std@@@3@$0A@@std@@@std@@IAE?AU?$pair@V?$_Tree_iterator@V?$_Tree_val@U?$_Tree_simple_types@U?$pair@$$CBHVMaterial@@@std@@@std@@@std@@@std@@_N@1@_NAAU?$pair@$$CBHVMaterial@@@1@PAU?$_Tree_node@U?$pair@$$CBHVMaterial@@@std@@PAX@1@@Z 00401aa0 f i RayTracer.obj
 0001:00000bd0       ??$endl@DU?$char_traits@D@std@@@std@@YAAAV?$basic_ostream@DU?$char_traits@D@std@@@0@AAV10@@Z 00401bd0 f i RayTracer.obj
 0001:00000c00       ??$make_pair@HABVMaterial@@@std@@YA?AU?$pair@HVMaterial@@@0@$$QAHABVMaterial@@@Z 00401c00 f i RayTracer.obj
 0001:00000d10       ??0RayTracer@@QAE@XZ       00401d10 f   RayTracer.obj
 0001:00000d80       ??0vec3f@@QAE@XZ           00401d80 f i RayTracer.obj
 0001:00000d90       ??1?$basic_string@DU?$char_traits@D@std@@V?$allocator@D@2@@std@@QAE@XZ 00401d90 f i RayTracer.obj
 0001:00000dd0       ??1ParseError@@QAE@XZ      00401dd0 f i RayTracer.obj
 0001:00000e10       ??1RayTracer@@QAE@XZ       00401e10 f   RayTracer.obj
 0001:00000e60       ??1isect@@QAE@XZ           00401e60 f i RayTracer.obj
 0001:00000e80       ??C?$reverse_iterator@V?$_Tree_iterator@V?$_Tree_val@U?$_Tree_simple_types@U?$pair@$$CBHVMaterial@@@std@@@std@@@std@@@std@@@std@@QBEPAU?$pair@$$CBHVMaterial@@@1@XZ 00401e80 f i RayTracer.obj
 0001:00000ea0       ??E?$_Tree_unchecked_const_iterator@V?$_Tree_val@U?$_Tree_simple_types@U?$pair@$$CBHVMaterial@@@std@@@std@@@std@@U_Iterator_base0@2@@std@@QAEAAV01@XZ 00401ea0 f i RayTracer.obj
 0001:00000ef0       ??F?$_Tree_unchecked_const_iterator@V?$_Tree_val@U?$_Tree_simple_types@U?$pair@$$CBHVMaterial@@@std@@@std@@@std@@U_Iterator_base0@2@@std@@QAEAAV01@XZ 00401ef0 f i RayTracer.obj
 0001:00000f50       ?FresnelShade@RayTracer@@QAENAAVisect@@ABVray@@@Z 00401f50 f   RayTracer.obj
 0001:00001460       ?_Buyheadnode@?$_Tree_comp_alloc@V?$_Tmap_traits@HVMaterial@@U?$less@H@std@@V?$allocator@U?$pair@$$CBHVMaterial@@@std@@@3@$0A@@std@@@std@@QAEPAU?$_Tree_node@U?$pair@$$CBHVMaterial@@@std@@PAX@2@XZ 00402460 f i RayTracer.obj
 0001:000014a0       ?_Buynode0@?$_Tree_comp_alloc@V?$_Tmap_traits@HVMaterial@@U?$less@H@std@@V?$allocator@U?$pair@$$CBHVMaterial@@@std@@@3@$0A@@std@@@std@@QAEPAU?$_Tree_node@U?$pair@$$CBHVMaterial@@@std@@PAX@2@XZ 004024a0 f i RayTracer.obj
 0001:000014e0       ?_Copy@?$basic_string@DU?$char_traits@D@std@@V?$allocator@D@2@@std@@QAEXII@Z 004024e0 f i RayTracer.obj
 0001:00001690       ?_Deallocate@std@@YAXPAXII@Z 00402690 f i RayTracer.obj
 0001:00001700       ?_Erase@?$_Tree@V?$_Tmap_traits@HVMaterial@@U?$less@H@std@@V?$allocator@U?$pair@$$CBHVMaterial@@@std@@@3@$0A@@std@@@std@@IAEXPAU?$_Tree_node@U?$pair@$$CBHVMaterial@@@std@@PAX@2@@Z 00402700 f i RayTracer.obj
 0001:00001740       ?_Lrotate@?$_Tree@V?$_Tmap_traits@HVMaterial@@U?$less@H@std@@V?$allocator@U?$pair@$$CBHVMaterial@@@std@@@3@$0A@@std@@@std@@IAEXPAU?$_Tree_node@U?$pair@$$CBHVMaterial@@@std@@PAX@2@@Z 00402740 f i RayTracer.obj
 0001:000017a0       ?_Rrotate@?$_Tree@V?$_Tmap_traits@HVMaterial@@U?$less@H@std@@V?$allocator@U?$pair@$$CBHVMaterial@@@std@@@3@$0A@@std@@@std@@IAEXPAU?$_Tree_node@U?$pair@$$CBHVMaterial@@@std@@PAX@2@@Z 004027a0 f i RayTracer.obj
 0001:00001800       ?allocate@?$_Wrap_alloc@V?$allocator@D@std@@@std@@QAEPADI@Z 00402800 f i RayTracer.obj
 0001:00001860       ?aspectRatio@RayTracer@@QAENXZ 00402860 f   RayTracer.obj
 0001:000018a0       ?assign@?$basic_string@DU?$char_traits@D@std@@V?$allocator@D@2@@std@@QAEAAV12@ABV12@II@Z 004028a0 f i RayTracer.obj
 0001:000019c0       ?assign@?$basic_string@DU?$char_traits@D@std@@V?$allocator@D@2@@std@@QAEAAV12@PBDI@Z 004029c0 f i RayTracer.obj
 0001:00001ac0       ?clear@?$_Tree@V?$_Tmap_traits@HVMaterial@@U?$less@H@std@@V?$allocator@U?$pair@$$CBHVMaterial@@@std@@@3@$0A@@std@@@std@@QAEXXZ 00402ac0 f i RayTracer.obj
 0001:00001b40       ?erase@?$_Tree@V?$_Tmap_traits@HVMaterial@@U?$less@H@std@@V?$allocator@U?$pair@$$CBHVMaterial@@@std@@@3@$0A@@std@@@std@@QAE?AV?$_Tree_iterator@V?$_Tree_val@U?$_Tree_simple_types@U?$pair@$$CBHVMaterial@@@std@@@std@@@std@@@2@V?$_Tree_const_iterator@V?$_Tree_val@U?$_Tree_simple_types@U?$pair@$$CBHVMaterial@@@std@@@std@@@std@@@2@0@Z 00402b40 f i RayTracer.obj
 0001:00001be0       ?erase@?$_Tree@V?$_Tmap_traits@HVMaterial@@U?$less@H@std@@V?$allocator@U?$pair@$$CBHVMaterial@@@std@@@3@$0A@@std@@@std@@QAE?AV?$_Tree_iterator@V?$_Tree_val@U?$_Tree_simple_types@U?$pair@$$CBHVMaterial@@@std@@@std@@@std@@@2@V?$_Tree_const_iterator@V?$_Tree_val@U?$_Tree_simple_types@U?$pair@$$CBHVMaterial@@@std@@@std@@@std@@@2@@Z 00402be0 f i RayTracer.obj
 0001:00001e60       ?erase@?$_Tree@V?$_Tmap_traits@HVMaterial@@U?$less@H@std@@V?$allocator@U?$pair@$$CBHVMaterial@@@std@@@3@$0A@@std@@@std@@QAEIABH@Z 00402e60 f i RayTracer.obj
 0001:00001eb0       ?erase@?$basic_string@DU?$char_traits@D@std@@V?$allocator@D@2@@std@@QAEAAV12@II@Z 00402eb0 f i RayTracer.obj
 0001:00001f50       ?getBuffer@RayTracer@@QAEXAAPAEAAH1@Z 00402f50 f   RayTracer.obj
 0001:00001f70       ?loadBackground@RayTracer@@QAE_NPAD@Z 00402f70 f   RayTracer.obj
 0001:00001fc0       ?loadScene@RayTracer@@QAE_NPAD@Z 00402fc0 f   RayTracer.obj
 0001:00002110       ?loadtextureMappingImage@RayTracer@@QAEXPAD@Z 00403110 f   RayTracer.obj
 0001:00002150       ?sceneLoaded@RayTracer@@QAE_NXZ 00403150 f   RayTracer.obj
 0001:00002160       ?trace@RayTracer@@QAE?AVvec3f@@PAVScene@@NN@Z 00403160 f   RayTracer.obj
 0001:00002250       ?traceLines@RayTracer@@QAEXHH@Z 00403250 f   RayTracer.obj
 0001:000022a0       ?tracePixel@RayTracer@@QAEXHH@Z 004032a0 f   RayTracer.obj
 0001:00002b90       ?traceRay@RayTracer@@QAE?AVvec3f@@PAVScene@@ABVray@@ABV2@H@Z 00403b90 f   RayTracer.obj
 0001:00003e80       ?traceSetup@RayTracer@@QAEXHH@Z 00404e80 f   RayTracer.obj
 0001:00003ee0       _printf                    00404ee0 f i RayTracer.obj
 0001:00003f10       ??0TraceGLWindow@@QAE@HHHHPBD@Z 00404f10 f   TraceGLWindow.obj
 0001:00003f90       ??_EFl_Gl_Window@@UAEPAXI@Z 00404f90 f i TraceGLWindow.obj
 0001:00003f90       ??_GFl_Gl_Window@@UAEPAXI@Z 00404f90 f i TraceGLWindow.obj
 0001:00003fc0       ??_GTraceGLWindow@@UAEPAXI@Z 00404fc0 f i TraceGLWindow.obj
 0001:00003fc0       ??_ETraceGLWindow@@UAEPAXI@Z 00404fc0 f i TraceGLWindow.obj
 0001:00003ff0       ?as_gl_window@Fl_Gl_Window@@UAEPAV1@XZ 00404ff0 f i TraceGLWindow.obj
 0001:00004000       ?as_group@Fl_Group@@UAEPAV1@XZ 00405000 f i TraceGLWindow.obj
 0001:00004010       ?as_window@Fl_Window@@UAEPAV1@XZ 00405010 f i TraceGLWindow.obj
 0001:00004020       ?draw@TraceGLWindow@@UAEXXZ 00405020 f   TraceGLWindow.obj
 0001:00004100       ?handle@TraceGLWindow@@UAEHH@Z 00405100 f   TraceGLWindow.obj
 0001:00004110       ?refresh@TraceGLWindow@@QAEXXZ 00405110 f   TraceGLWindow.obj
 0001:00004120       ?resizeWindow@TraceGLWindow@@QAEXHH@Z 00405120 f   TraceGLWindow.obj
 0001:00004150       ?saveImage@TraceGLWindow@@QAEXPAD@Z 00405150 f   TraceGLWindow.obj
 0001:000041a0       ?setRayTracer@TraceGLWindow@@QAEXPAVRayTracer@@@Z 004051a0 f   TraceGLWindow.obj
 0001:000041b0       ?cb_load_scene@TraceUI@@CAXPAVFl_Menu_@@PAX@Z 004051b0 f   TraceUI.obj
 0001:00004250       ?cb_save_image@TraceUI@@CAXPAVFl_Menu_@@PAX@Z 00405250 f   TraceUI.obj
 0001:00004290       ?cb_load_background_image@TraceUI@@CAXPAVFl_Menu_@@PAX@Z 00405290 f   TraceUI.obj
 0001:000042d0       ?cb_exit@TraceUI@@CAXPAVFl_Menu_@@PAX@Z 004052d0 f   TraceUI.obj
 0001:00004300       ?cb_about@TraceUI@@CAXPAVFl_Menu_@@PAX@Z 00405300 f   TraceUI.obj
 0001:00004310       ?cb_load_texture_image@TraceUI@@CAXPAVFl_Menu_@@PAX@Z 00405310 f   TraceUI.obj
 0001:00004350       ??0TraceUI@@QAE@XZ         00405350 f   TraceUI.obj
 0001:00004db0       ?IsEnableFresnel@TraceUI@@QAE_NXZ 00405db0 f   TraceUI.obj
 0001:00004dc0       ?cb_adaptiveTerminationSlides@TraceUI@@CAXPAVFl_Widget@@PAX@Z 00405dc0 f   TraceUI.obj
 0001:00004de0       ?cb_ambientSlides@TraceUI@@CAXPAVFl_Widget@@PAX@Z 00405de0 f   TraceUI.obj
 0001:00004e00       ?cb_antialising@TraceUI@@CAXPAVFl_Widget@@PAX@Z 00405e00 f   TraceUI.obj
 0001:00004e20       ?cb_attenuationConstantSlides@TraceUI@@CAXPAVFl_Widget@@PAX@Z 00405e20 f   TraceUI.obj
 0001:00004e40       ?cb_attenuationLinearSlides@TraceUI@@CAXPAVFl_Widget@@PAX@Z 00405e40 f   TraceUI.obj
 0001:00004e60       ?cb_attenuationQuadraticSlides@TraceUI@@CAXPAVFl_Widget@@PAX@Z 00405e60 f   TraceUI.obj
 0001:00004e80       ?cb_bumpMappingSwitch@TraceUI@@CAXPAVFl_Widget@@PAX@Z 00405e80 f   TraceUI.obj
 0001:00004ea0       ?cb_depthSlides@TraceUI@@CAXPAVFl_Widget@@PAX@Z 00405ea0 f   TraceUI.obj
 0001:00004ec0       ?cb_exit2@TraceUI@@CAXPAVFl_Widget@@PAX@Z 00405ec0 f   TraceUI.obj
 0001:00004ef0       ?cb_fresnelSwitch@TraceUI@@CAXPAVFl_Widget@@PAX@Z 00405ef0 f   TraceUI.obj
 0001:00004f10       ?cb_glossyreflection@TraceUI@@CAXPAVFl_Widget@@PAX@Z 00405f10 f   TraceUI.obj
 0001:00004f30       ?cb_jittering@TraceUI@@CAXPAVFl_Widget@@PAX@Z 00405f30 f   TraceUI.obj
 0001:00004f50       ?cb_motionBlur@TraceUI@@CAXPAVFl_Widget@@PAX@Z 00405f50 f   TraceUI.obj
 0001:00004f70       ?cb_render@TraceUI@@CAXPAVFl_Widget@@PAX@Z 00405f70 f   TraceUI.obj
 0001:00005180       ?cb_sizeSlides@TraceUI@@CAXPAVFl_Widget@@PAX@Z 00406180 f   TraceUI.obj
 0001:000051d0       ?cb_softShadowing@TraceUI@@CAXPAVFl_Widget@@PAX@Z 004061d0 f   TraceUI.obj
 0001:000051f0       ?cb_stop@TraceUI@@CAXPAVFl_Widget@@PAX@Z 004061f0 f   TraceUI.obj
 0001:00005200       ?cb_textureMappingSwitch@TraceUI@@CAXPAVFl_Widget@@PAX@Z 00406200 f   TraceUI.obj
 0001:00005220       ?getAdaptiveTermination@TraceUI@@QAENXZ 00406220 f   TraceUI.obj
 0001:00005230       ?getAmbientLight@TraceUI@@QAENXZ 00406230 f   TraceUI.obj
 0001:00005240       ?getAntiAlising@TraceUI@@QAEHXZ 00406240 f   TraceUI.obj
 0001:00005250       ?getAttenuationConstant@TraceUI@@QAENXZ 00406250 f   TraceUI.obj
 0001:00005260       ?getAttenuationLinear@TraceUI@@QAENXZ 00406260 f   TraceUI.obj
 0001:00005270       ?getAttenuationQuadratic@TraceUI@@QAENXZ 00406270 f   TraceUI.obj
 0001:00005280       ?getDepth@TraceUI@@QAEHXZ  00406280 f   TraceUI.obj
 0001:00005290       ?getSize@TraceUI@@QAEHXZ   00406290 f   TraceUI.obj
 0001:000052a0       ?isEnableBumpMapping@TraceUI@@QAE_NXZ 004062a0 f   TraceUI.obj
 0001:000052b0       ?isEnableMotionBlur@TraceUI@@QAE_NXZ 004062b0 f   TraceUI.obj
 0001:000052c0       ?isEnableTextureMapping@TraceUI@@QAE_NXZ 004062c0 f   TraceUI.obj
 0001:000052d0       ?setRayTracer@TraceUI@@QAEXPAVRayTracer@@@Z 004062d0 f   TraceUI.obj
 0001:000052f0       ?show@TraceUI@@QAEXXZ      004062f0 f   TraceUI.obj
 0001:00005300       ?whoami@TraceUI@@CAPAV1@PAVFl_Menu_@@@Z 00406300 f   TraceUI.obj
 0001:00005310       _sprintf                   00406310 f i TraceUI.obj
 0001:00005350       ?readBMP@@YAPAEPADAAH1@Z   00406350 f   bitmap.obj
 0001:000054c0       ?writeBMP@@YAXPADHHPAE@Z   004064c0 f   bitmap.obj
 0001:00005650       ??$?0U?$_Wrap_alloc@V?$allocator@U?$_Tree_node@U?$pair@$$CBV?$basic_string@DU?$char_traits@D@std@@V?$allocator@D@2@@std@@PAVObj@@@std@@PAX@std@@@std@@@std@@@?$_Tree@V?$_Tmap_traits@V?$basic_string@DU?$char_traits@D@std@@V?$allocator@D@2@@std@@PAVObj@@U?$less@V?$basic_string@DU?$char_traits@D@std@@V?$allocator@D@2@@std@@@2@V?$allocator@U?$pair@$$CBV?$basic_string@DU?$char_traits@D@std@@V?$allocator@D@2@@std@@PAVObj@@@std@@@2@$0A@@std@@@std@@QAE@ABV01@$$QAU?$_Wrap_alloc@V?$allocator@U?$_Tree_node@U?$pair@$$CBV?$basic_string@DU?$char_traits@D@std@@V?$allocator@D@2@@std@@PAVObj@@@std@@PAX@std@@@std@@@1@@Z 00406650 f i parse.obj
 0001:000056e0       ??$?6DU?$char_traits@D@std@@V?$allocator@D@1@@std@@YAAAV?$basic_ostream@DU?$char_traits@D@std@@@0@AAV10@ABV?$basic_string@DU?$char_traits@D@std@@V?$allocator@D@2@@0@@Z 004066e0 f i parse.obj
 0001:000058e0       ??$?6U?$char_traits@D@std@@@std@@YAAAV?$basic_ostream@DU?$char_traits@D@std@@@0@AAV10@D@Z 004068e0 f i parse.obj
 0001:00005af0       ??$?6U?$char_traits@D@std@@@std@@YAAAV?$basic_ostream@DU?$char_traits@D@std@@@0@AAV10@PBD@Z 00406af0 f i parse.obj
 0001:00005d30       ??$?8DU?$char_traits@D@std@@V?$allocator@D@1@@std@@YA_NABV?$basic_string@DU?$char_traits@D@std@@V?$allocator@D@2@@0@PBD@Z 00406d30 f i parse.obj
 0001:00005da0       ??$?HDU?$char_traits@D@std@@V?$allocator@D@1@@std@@YA?AV?$basic_string@DU?$char_traits@D@std@@V?$allocator@D@2@@0@$$QAV10@0@Z 00406da0 f i parse.obj
 0001:00005e10       ??$?HDU?$char_traits@D@std@@V?$allocator@D@1@@std@@YA?AV?$basic_string@DU?$char_traits@D@std@@V?$allocator@D@2@@0@$$QAV10@ABV10@@Z 00406e10 f i parse.obj
 0001:00005e50       ??$_Buynode@AAU?$pair@$$CBV?$basic_string@DU?$char_traits@D@std@@V?$allocator@D@2@@std@@PAVObj@@@std@@@?$_Tree_comp_alloc@V?$_Tmap_traits@V?$basic_string@DU?$char_traits@D@std@@V?$allocator@D@2@@std@@PAVObj@@U?$less@V?$basic_string@DU?$char_traits@D@std@@V?$allocator@D@2@@std@@@2@V?$allocator@U?$pair@$$CBV?$basic_string@DU?$char_traits@D@std@@V?$allocator@D@2@@std@@PAVObj@@@std@@@2@$0A@@std@@@std@@QAEPAU?$_Tree_node@U?$pair@$$CBV?$basic_string@DU?$char_traits@D@std@@V?$allocator@D@2@@std@@PAVObj@@@std@@PAX@1@AAU?$pair@$$CBV?$basic_string@DU?$char_traits@D@std@@V?$allocator@D@2@@std@@PAVObj@@@1@@Z 00406e50 f i parse.obj
 0001:00005f10       ??$_Buynode@ABUpiecewise_construct_t@std@@V?$tuple@ABV?$basic_string@DU?$char_traits@D@std@@V?$allocator@D@2@@std@@@2@V?$tuple@$$V@2@@?$_Tree_comp_alloc@V?$_Tmap_traits@V?$basic_string@DU?$char_traits@D@std@@V?$allocator@D@2@@std@@PAVObj@@U?$less@V?$basic_string@DU?$char_traits@D@std@@V?$allocator@D@2@@std@@@2@V?$allocator@U?$pair@$$CBV?$basic_string@DU?$char_traits@D@std@@V?$allocator@D@2@@std@@PAVObj@@@std@@@2@$0A@@std@@@std@@QAEPAU?$_Tree_node@U?$pair@$$CBV?$basic_string@DU?$char_traits@D@std@@V?$allocator@D@2@@std@@PAVObj@@@std@@PAX@1@ABUpiecewise_construct_t@1@$$QAV?$tuple@ABV?$basic_string@DU?$char_traits@D@std@@V?$allocator@D@2@@std@@@1@$$QAV?$tuple@$$V@1@@Z 00406f10 f i parse.obj
 0001:00005fd0       ??$_Copy@U_Copy_tag@?$_Tree@V?$_Tmap_traits@V?$basic_string@DU?$char_traits@D@std@@V?$allocator@D@2@@std@@PAVObj@@U?$less@V?$basic_string@DU?$char_traits@D@std@@V?$allocator@D@2@@std@@@2@V?$allocator@U?$pair@$$CBV?$basic_string@DU?$char_traits@D@std@@V?$allocator@D@2@@std@@PAVObj@@@std@@@2@$0A@@std@@@std@@@?$_Tree@V?$_Tmap_traits@V?$basic_string@DU?$char_traits@D@std@@V?$allocator@D@2@@std@@PAVObj@@U?$less@V?$basic_string@DU?$char_traits@D@std@@V?$allocator@D@2@@std@@@2@V?$allocator@U?$pair@$$CBV?$basic_string@DU?$char_traits@D@std@@V?$allocator@D@2@@std@@PAVObj@@@std@@@2@$0A@@std@@@std@@IAEXABV01@U_Copy_tag@01@@Z 00406fd0 f i parse.obj
 0001:00006050       ??$_Copy_nodes@U_Copy_tag@?$_Tree@V?$_Tmap_traits@V?$basic_string@DU?$char_traits@D@std@@V?$allocator@D@2@@std@@PAVObj@@U?$less@V?$basic_string@DU?$char_traits@D@std@@V?$allocator@D@2@@std@@@2@V?$allocator@U?$pair@$$CBV?$basic_string@DU?$char_traits@D@std@@V?$allocator@D@2@@std@@PAVObj@@@std@@@2@$0A@@std@@@std@@@?$_Tree@V?$_Tmap_traits@V?$basic_string@DU?$char_traits@D@std@@V?$allocator@D@2@@std@@PAVObj@@U?$less@V?$basic_string@DU?$char_traits@D@std@@V?$allocator@D@2@@std@@@2@V?$allocator@U?$pair@$$CBV?$basic_string@DU?$char_traits@D@std@@V?$allocator@D@2@@std@@PAVObj@@@std@@@2@$0A@@std@@@std@@IAEPAU?$_Tree_node@U?$pair@$$CBV?$basic_string@DU?$char_traits@D@std@@V?$allocator@D@2@@std@@PAVObj@@@std@@PAX@1@PAU21@0U_Copy_tag@01@@Z 00407050 f i parse.obj
 0001:00006110       ??$_Insert_at@AAU?$pair@$$CBV?$basic_string@DU?$char_traits@D@std@@V?$allocator@D@2@@std@@PAVObj@@@std@@PAU?$_Tree_node@U?$pair@$$CBV?$basic_string@DU?$char_traits@D@std@@V?$allocator@D@2@@std@@PAVObj@@@std@@PAX@2@@?$_Tree@V?$_Tmap_traits@V?$basic_string@DU?$char_traits@D@std@@V?$allocator@D@2@@std@@PAVObj@@U?$less@V?$basic_string@DU?$char_traits@D@std@@V?$allocator@D@2@@std@@@2@V?$allocator@U?$pair@$$CBV?$basic_string@DU?$char_traits@D@std@@V?$allocator@D@2@@std@@PAVObj@@@std@@@2@$0A@@std@@@std@@IAE?AV?$_Tree_iterator@V?$_Tree_val@U?$_Tree_simple_types@U?$pair@$$CBV?$basic_string@DU?$char_traits@D@std@@V?$allocator@D@2@@std@@PAVObj@@@std@@@std@@@std@@@1@_NPAU?$_Tree_node@U?$pair@$$CBV?$basic_string@DU?$char_traits@D@std@@V?$allocator@D@2@@std@@PAVObj@@@std@@PAX@1@AAU?$pair@$$CBV?$basic_string@DU?$char_traits@D@std@@V?$allocator@D@2@@std@@PAVObj@@@1@1@Z 00407110 f i parse.obj
 0001:000062e0       ??$_Insert_hint@AAU?$pair@$$CBV?$basic_string@DU?$char_traits@D@std@@V?$allocator@D@2@@std@@PAVObj@@@std@@PAU?$_Tree_node@U?$pair@$$CBV?$basic_string@DU?$char_traits@D@std@@V?$allocator@D@2@@std@@PAVObj@@@std@@PAX@2@@?$_Tree@V?$_Tmap_traits@V?$basic_string@DU?$char_traits@D@std@@V?$allocator@D@2@@std@@PAVObj@@U?$less@V?$basic_string@DU?$char_traits@D@std@@V?$allocator@D@2@@std@@@2@V?$allocator@U?$pair@$$CBV?$basic_string@DU?$char_traits@D@std@@V?$allocator@D@2@@std@@PAVObj@@@std@@@2@$0A@@std@@@std@@IAE?AV?$_Tree_iterator@V?$_Tree_val@U?$_Tree_simple_types@U?$pair@$$CBV?$basic_string@DU?$char_traits@D@std@@V?$allocator@D@2@@std@@PAVObj@@@std@@@std@@@std@@@1@V?$_Tree_const_iterator@V?$_Tree_val@U?$_Tree_simple_types@U?$pair@$$CBV?$basic_string@DU?$char_traits@D@std@@V?$allocator@D@2@@std@@PAVObj@@@std@@@std@@@std@@@1@AAU?$pair@$$CBV?$basic_string@DU?$char_traits@D@std@@V?$allocator@D@2@@std@@PAVObj@@@1@PAU?$_Tree_node@U?$pair@$$CBV?$basic_string@DU?$char_traits@D@std@@V?$allocator@D@2@@std@@PAVObj@@@std@@PAX@1@@Z 004072e0 f i parse.obj
 0001:00006540       ??$_Insert_nohint@AAU?$pair@$$CBV?$basic_string@DU?$char_traits@D@std@@V?$allocator@D@2@@std@@PAVObj@@@std@@PAU?$_Tree_node@U?$pair@$$CBV?$basic_string@DU?$char_traits@D@std@@V?$allocator@D@2@@std@@PAVObj@@@std@@PAX@2@@?$_Tree@V?$_Tmap_traits@V?$basic_string@DU?$char_traits@D@std@@V?$allocator@D@2@@std@@PAVObj@@U?$less@V?$basic_string@DU?$char_traits@D@std@@V?$allocator@D@2@@std@@@2@V?$allocator@U?$pair@$$CBV?$basic_string@DU?$char_traits@D@std@@V?$allocator@D@2@@std@@PAVObj@@@std@@@2@$0A@@std@@@std@@IAE?AU?$pair@V?$_Tree_iterator@V?$_Tree_val@U?$_Tree_simple_types@U?$pair@$$CBV?$basic_string@DU?$char_traits@D@std@@V?$allocator@D@2@@std@@PAVObj@@@std@@@std@@@std@@@std@@_N@1@_NAAU?$pair@$$CBV?$basic_string@DU?$char_traits@D@std@@V?$allocator@D@2@@std@@PAVObj@@@1@PAU?$_Tree_node@U?$pair@$$CBV?$basic_string@DU?$char_traits@D@std@@V?$allocator@D@2@@std@@PAVObj@@@std@@PAX@1@@Z 00407540 f i parse.obj
 0001:000067b0       ??$_Lbound@V?$basic_string@DU?$char_traits@D@std@@V?$allocator@D@2@@std@@@?$_Tree@V?$_Tmap_traits@V?$basic_string@DU?$char_traits@D@std@@V?$allocator@D@2@@std@@PAVObj@@U?$less@V?$basic_string@DU?$char_traits@D@std@@V?$allocator@D@2@@std@@@2@V?$allocator@U?$pair@$$CBV?$basic_string@DU?$char_traits@D@std@@V?$allocator@D@2@@std@@PAVObj@@@std@@@2@$0A@@std@@@std@@IBEPAU?$_Tree_node@U?$pair@$$CBV?$basic_string@DU?$char_traits@D@std@@V?$allocator@D@2@@std@@PAVObj@@@std@@PAX@1@ABV?$basic_string@DU?$char_traits@D@std@@V?$allocator@D@2@@1@@Z 004077b0 f i parse.obj
 0001:00006890       ??$_Try_emplace@ABV?$basic_string@DU?$char_traits@D@std@@V?$allocator@D@2@@std@@$$V@?$map@V?$basic_string@DU?$char_traits@D@std@@V?$allocator@D@2@@std@@PAVObj@@U?$less@V?$basic_string@DU?$char_traits@D@std@@V?$allocator@D@2@@std@@@2@V?$allocator@U?$pair@$$CBV?$basic_string@DU?$char_traits@D@std@@V?$allocator@D@2@@std@@PAVObj@@@std@@@2@@std@@QAE?AU?$pair@V?$_Tree_iterator@V?$_Tree_val@U?$_Tree_simple_types@U?$pair@$$CBV?$basic_string@DU?$char_traits@D@std@@V?$allocator@D@2@@std@@PAVObj@@@std@@@std@@@std@@@std@@_N@1@ABV?$basic_string@DU?$char_traits@D@std@@V?$allocator@D@2@@1@@Z 00407890 f i parse.obj
 0001:00006940       ??0?$basic_string@DU?$char_traits@D@std@@V?$allocator@D@2@@std@@QAE@PBD@Z 00407940 f i parse.obj
 0001:000069a0       ??0?$vector@PAVObj@@V?$allocator@PAVObj@@@std@@@std@@QAE@ABV01@@Z 004079a0 f i parse.obj
 0001:00006a30       ??0Exception@@QAE@ABV0@@Z  00407a30 f i parse.obj
 0001:00006a60       ??0IdObj@@QAE@ABV?$basic_string@DU?$char_traits@D@std@@V?$allocator@D@2@@std@@@Z 00407a60 f i parse.obj
 0001:00006ad0       ??0NamedObj@@QAE@ABV?$basic_string@DU?$char_traits@D@std@@V?$allocator@D@2@@std@@PAVObj@@@Z 00407ad0 f i parse.obj
 0001:00006b40       ??0ObjTypeMismatch@@QAE@ABV0@@Z 00407b40 f i parse.obj
 0001:00006b70       ??0ObjTypeMismatch@@QAE@V?$basic_string@DU?$char_traits@D@std@@V?$allocator@D@2@@std@@0@Z 00407b70 f i parse.obj
 0001:00006e20       ??0ParseError@@QAE@ABV0@@Z 00407e20 f i parse.obj
 0001:00006e50       ??1?$_Tree_comp_alloc@V?$_Tmap_traits@V?$basic_string@DU?$char_traits@D@std@@V?$allocator@D@2@@std@@PAVObj@@U?$less@V?$basic_string@DU?$char_traits@D@std@@V?$allocator@D@2@@std@@@2@V?$allocator@U?$pair@$$CBV?$basic_string@DU?$char_traits@D@std@@V?$allocator@D@2@@std@@PAVObj@@@std@@@2@$0A@@std@@@std@@QAE@XZ 00407e50 f i parse.obj
 0001:00006e60       ??1?$map@V?$basic_string@DU?$char_traits@D@std@@V?$allocator@D@2@@std@@PAVObj@@U?$less@V?$basic_string@DU?$char_traits@D@std@@V?$allocator@D@2@@std@@@2@V?$allocator@U?$pair@$$CBV?$basic_string@DU?$char_traits@D@std@@V?$allocator@D@2@@std@@PAVObj@@@std@@@2@@std@@QAE@XZ 00407e60 f i parse.obj
 0001:00006ec0       ??1?$vector@PAVObj@@V?$allocator@PAVObj@@@std@@@std@@QAE@XZ 00407ec0 f i parse.obj
 0001:00006f00       ??1BooleanObj@@UAE@XZ      00407f00 f i parse.obj
 0001:00006f10       ??1DictObj@@UAE@XZ         00407f10 f i parse.obj
 0001:00006fe0       ??1IdObj@@UAE@XZ           00407fe0 f i parse.obj
 0001:00007030       ??1NamedObj@@UAE@XZ        00408030 f i parse.obj
 0001:00007090       ??1Obj@@UAE@XZ             00408090 f i parse.obj
 0001:000070a0       ??1ObjTypeMismatch@@QAE@XZ 004080a0 f i parse.obj
 0001:000070e0       ??1ScalarObj@@UAE@XZ       004080e0 f i parse.obj
 0001:000070f0       ??1StringObj@@UAE@XZ       004080f0 f i parse.obj
 0001:00007140       ??1TupleObj@@UAE@XZ        00408140 f i parse.obj
 0001:000071f0       ??1_Sentry_base@?$basic_ostream@DU?$char_traits@D@std@@@std@@QAE@XZ 004081f0 f i parse.obj
 0001:00007240       ??1sentry@?$basic_ostream@DU?$char_traits@D@std@@@std@@QAE@XZ 00408240 f i parse.obj
 0001:000072b0       ??3@YAXPAX0@Z              004082b0 f i parse.obj
 0001:000072c0       ??E?$_Tree_unchecked_const_iterator@V?$_Tree_val@U?$_Tree_simple_types@U?$pair@$$CBV?$basic_string@DU?$char_traits@D@std@@V?$allocator@D@2@@std@@PAVObj@@@std@@@std@@@std@@U_Iterator_base0@2@@std@@QAEAAV01@XZ 004082c0 f i parse.obj
 0001:00007310       ??F?$_Tree_unchecked_const_iterator@V?$_Tree_val@U?$_Tree_simple_types@U?$pair@$$CBV?$basic_string@DU?$char_traits@D@std@@V?$allocator@D@2@@std@@PAVObj@@@std@@@std@@@std@@U_Iterator_base0@2@@std@@QAEAAV01@XZ 00408310 f i parse.obj
 0001:00007370       ??R?$less@V?$basic_string@DU?$char_traits@D@std@@V?$allocator@D@2@@std@@@std@@QBE_NABV?$basic_string@DU?$char_traits@D@std@@V?$allocator@D@2@@1@0@Z 00408370 f i parse.obj
 0001:000073d0       ??_GBooleanObj@@UAEPAXI@Z  004083d0 f i parse.obj
 0001:000073d0       ??_EBooleanObj@@UAEPAXI@Z  004083d0 f i parse.obj
 0001:00007400       ??_EDictObj@@UAEPAXI@Z     00408400 f i parse.obj
 0001:00007400       ??_GDictObj@@UAEPAXI@Z     00408400 f i parse.obj
 0001:00007430       ??_GIdObj@@UAEPAXI@Z       00408430 f i parse.obj
 0001:00007430       ??_EIdObj@@UAEPAXI@Z       00408430 f i parse.obj
 0001:00007490       ??_GNamedObj@@UAEPAXI@Z    00408490 f i parse.obj
 0001:00007490       ??_ENamedObj@@UAEPAXI@Z    00408490 f i parse.obj
 0001:000074c0       ??_GObj@@UAEPAXI@Z         004084c0 f i parse.obj
 0001:000074c0       ??_EObj@@UAEPAXI@Z         004084c0 f i parse.obj
 0001:000074f0       ??_EScalarObj@@UAEPAXI@Z   004084f0 f i parse.obj
 0001:000074f0       ??_GScalarObj@@UAEPAXI@Z   004084f0 f i parse.obj
 0001:00007520       ??_GStringObj@@UAEPAXI@Z   00408520 f i parse.obj
 0001:00007520       ??_EStringObj@@UAEPAXI@Z   00408520 f i parse.obj
 0001:00007580       ??_ETupleObj@@UAEPAXI@Z    00408580 f i parse.obj
 0001:00007580       ??_GTupleObj@@UAEPAXI@Z    00408580 f i parse.obj
 0001:000075b0       ?_Assign_rv@?$basic_string@DU?$char_traits@D@std@@V?$allocator@D@2@@std@@QAEX$$QAV12@@Z 004085b0 f i parse.obj
 0001:00007620       ?_Buyheadnode@?$_Tree_comp_alloc@V?$_Tmap_traits@V?$basic_string@DU?$char_traits@D@std@@V?$allocator@D@2@@std@@PAVObj@@U?$less@V?$basic_string@DU?$char_traits@D@std@@V?$allocator@D@2@@std@@@2@V?$allocator@U?$pair@$$CBV?$basic_string@DU?$char_traits@D@std@@V?$allocator@D@2@@std@@PAVObj@@@std@@@2@$0A@@std@@@std@@QAEPAU?$_Tree_node@U?$pair@$$CBV?$basic_string@DU?$char_traits@D@std@@V?$allocator@D@2@@std@@PAVObj@@@std@@PAX@2@XZ 00408620 f i parse.obj
 0001:00007650       ?_Buynode0@?$_Tree_comp_alloc@V?$_Tmap_traits@V?$basic_string@DU?$char_traits@D@std@@V?$allocator@D@2@@std@@PAVObj@@U?$less@V?$basic_string@DU?$char_traits@D@std@@V?$allocator@D@2@@std@@@2@V?$allocator@U?$pair@$$CBV?$basic_string@DU?$char_traits@D@std@@V?$allocator@D@2@@std@@PAVObj@@@std@@@2@$0A@@std@@@std@@QAEPAU?$_Tree_node@U?$pair@$$CBV?$basic_string@DU?$char_traits@D@std@@V?$allocator@D@2@@std@@PAVObj@@@std@@PAX@2@XZ 00408650 f i parse.obj
 0001:00007690       ?_Chassign@?$basic_string@DU?$char_traits@D@std@@V?$allocator@D@2@@std@@QAEXIID@Z 00408690 f i parse.obj
 0001:000076e0       ?_Destroy_if_not_nil@?$_Tree@V?$_Tmap_traits@V?$basic_string@DU?$char_traits@D@std@@V?$allocator@D@2@@std@@PAVObj@@U?$less@V?$basic_string@DU?$char_traits@D@std@@V?$allocator@D@2@@std@@@2@V?$allocator@U?$pair@$$CBV?$basic_string@DU?$char_traits@D@std@@V?$allocator@D@2@@std@@PAVObj@@@std@@@2@$0A@@std@@@std@@IAEXPAU?$_Tree_node@U?$pair@$$CBV?$basic_string@DU?$char_traits@D@std@@V?$allocator@D@2@@std@@PAVObj@@@std@@PAX@2@@Z 004086e0 f i parse.obj
 0001:00007730       ?_Erase@?$_Tree@V?$_Tmap_traits@V?$basic_string@DU?$char_traits@D@std@@V?$allocator@D@2@@std@@PAVObj@@U?$less@V?$basic_string@DU?$char_traits@D@std@@V?$allocator@D@2@@std@@@2@V?$allocator@U?$pair@$$CBV?$basic_string@DU?$char_traits@D@std@@V?$allocator@D@2@@std@@PAVObj@@@std@@@2@$0A@@std@@@std@@IAEXPAU?$_Tree_node@U?$pair@$$CBV?$basic_string@DU?$char_traits@D@std@@V?$allocator@D@2@@std@@PAVObj@@@std@@PAX@2@@Z 00408730 f i parse.obj
 0001:000077e0       ?_Lrotate@?$_Tree@V?$_Tmap_traits@V?$basic_string@DU?$char_traits@D@std@@V?$allocator@D@2@@std@@PAVObj@@U?$less@V?$basic_string@DU?$char_traits@D@std@@V?$allocator@D@2@@std@@@2@V?$allocator@U?$pair@$$CBV?$basic_string@DU?$char_traits@D@std@@V?$allocator@D@2@@std@@PAVObj@@@std@@@2@$0A@@std@@@std@@IAEXPAU?$_Tree_node@U?$pair@$$CBV?$basic_string@DU?$char_traits@D@std@@V?$allocator@D@2@@std@@PAVObj@@@std@@PAX@2@@Z 004087e0 f i parse.obj
 0001:00007840       ?_Reallocate@?$vector@PAVObj@@V?$allocator@PAVObj@@@std@@@std@@IAEXI@Z 00408840 f i parse.obj
 0001:000078a0       ?_Reserve@?$vector@PAVObj@@V?$allocator@PAVObj@@@std@@@std@@IAEXI@Z 004088a0 f i parse.obj
 0001:00007910       ?_Rrotate@?$_Tree@V?$_Tmap_traits@V?$basic_string@DU?$char_traits@D@std@@V?$allocator@D@2@@std@@PAVObj@@U?$less@V?$basic_string@DU?$char_traits@D@std@@V?$allocator@D@2@@std@@@2@V?$allocator@U?$pair@$$CBV?$basic_string@DU?$char_traits@D@std@@V?$allocator@D@2@@std@@PAVObj@@@std@@@2@$0A@@std@@@std@@IAEXPAU?$_Tree_node@U?$pair@$$CBV?$basic_string@DU?$char_traits@D@std@@V?$allocator@D@2@@std@@PAVObj@@@std@@PAX@2@@Z 00408910 f i parse.obj
 0001:00007970       ?allocate@?$allocator@PAVObj@@@std@@QAEPAPAVObj@@I@Z 00408970 f i parse.obj
 0001:000079e0       ?append@?$basic_string@DU?$char_traits@D@std@@V?$allocator@D@2@@std@@QAEAAV12@ABV12@II@Z 004089e0 f i parse.obj
 0001:00007ad0       ?append@?$basic_string@DU?$char_traits@D@std@@V?$allocator@D@2@@std@@QAEAAV12@ID@Z 00408ad0 f i parse.obj
 0001:00007b80       ?compare@?$char_traits@D@std@@SAHPBD0I@Z 00408b80 f i parse.obj
 0001:00007e30       ?erase@?$_Tree@V?$_Tmap_traits@V?$basic_string@DU?$char_traits@D@std@@V?$allocator@D@2@@std@@PAVObj@@U?$less@V?$basic_string@DU?$char_traits@D@std@@V?$allocator@D@2@@std@@@2@V?$allocator@U?$pair@$$CBV?$basic_string@DU?$char_traits@D@std@@V?$allocator@D@2@@std@@PAVObj@@@std@@@2@$0A@@std@@@std@@QAE?AV?$_Tree_iterator@V?$_Tree_val@U?$_Tree_simple_types@U?$pair@$$CBV?$basic_string@DU?$char_traits@D@std@@V?$allocator@D@2@@std@@PAVObj@@@std@@@std@@@std@@@2@V?$_Tree_const_iterator@V?$_Tree_val@U?$_Tree_simple_types@U?$pair@$$CBV?$basic_string@DU?$char_traits@D@std@@V?$allocator@D@2@@std@@PAVObj@@@std@@@std@@@std@@@2@0@Z 00408e30 f i parse.obj
 0001:00007f20       ?erase@?$_Tree@V?$_Tmap_traits@V?$basic_string@DU?$char_traits@D@std@@V?$allocator@D@2@@std@@PAVObj@@U?$less@V?$basic_string@DU?$char_traits@D@std@@V?$allocator@D@2@@std@@@2@V?$allocator@U?$pair@$$CBV?$basic_string@DU?$char_traits@D@std@@V?$allocator@D@2@@std@@PAVObj@@@std@@@2@$0A@@std@@@std@@QAE?AV?$_Tree_iterator@V?$_Tree_val@U?$_Tree_simple_types@U?$pair@$$CBV?$basic_string@DU?$char_traits@D@std@@V?$allocator@D@2@@std@@PAVObj@@@std@@@std@@@std@@@2@V?$_Tree_const_iterator@V?$_Tree_val@U?$_Tree_simple_types@U?$pair@$$CBV?$basic_string@DU?$char_traits@D@std@@V?$allocator@D@2@@std@@PAVObj@@@std@@@std@@@std@@@2@@Z 00408f20 f i parse.obj
 0001:00008210       ?getBoolean@BooleanObj@@UBE_NXZ 00409210 f i parse.obj
 0001:00008220       ?getBoolean@Obj@@UBE_NXZ   00409220 f i parse.obj
 0001:000082b0       ?getChild@NamedObj@@UBEPAVObj@@XZ 004092b0 f i parse.obj
 0001:000082c0       ?getChild@Obj@@UBEPAV1@XZ  004092c0 f i parse.obj
 0001:00008350       ?getDict@DictObj@@UBEABV?$map@V?$basic_string@DU?$char_traits@D@std@@V?$allocator@D@2@@std@@PAVObj@@U?$less@V?$basic_string@DU?$char_traits@D@std@@V?$allocator@D@2@@std@@@2@V?$allocator@U?$pair@$$CBV?$basic_string@DU?$char_traits@D@std@@V?$allocator@D@2@@std@@PAVObj@@@std@@@2@@std@@XZ 00409350 f i parse.obj
 0001:00008360       ?getDict@Obj@@UBEABV?$map@V?$basic_string@DU?$char_traits@D@std@@V?$allocator@D@2@@std@@PAVObj@@U?$less@V?$basic_string@DU?$char_traits@D@std@@V?$allocator@D@2@@std@@@2@V?$allocator@U?$pair@$$CBV?$basic_string@DU?$char_traits@D@std@@V?$allocator@D@2@@std@@PAVObj@@@std@@@2@@std@@XZ 00409360 f i parse.obj
 0001:000083f0       ?getID@IdObj@@UBE?AV?$basic_string@DU?$char_traits@D@std@@V?$allocator@D@2@@std@@XZ 004093f0 f i parse.obj
 0001:00008430       ?getID@Obj@@UBE?AV?$basic_string@DU?$char_traits@D@std@@V?$allocator@D@2@@std@@XZ 00409430 f i parse.obj
 0001:000084c0       ?getName@NamedObj@@UBE?AV?$basic_string@DU?$char_traits@D@std@@V?$allocator@D@2@@std@@XZ 004094c0 f i parse.obj
 0001:00008500       ?getName@Obj@@UBE?AV?$basic_string@DU?$char_traits@D@std@@V?$allocator@D@2@@std@@XZ 00409500 f i parse.obj
 0001:00008590       ?getScalar@Obj@@UBENXZ     00409590 f i parse.obj
 0001:00008620       ?getScalar@ScalarObj@@UBENXZ 00409620 f i parse.obj
 0001:00008630       ?getString@Obj@@UBE?AV?$basic_string@DU?$char_traits@D@std@@V?$allocator@D@2@@std@@XZ 00409630 f i parse.obj
 0001:000086c0       ?getString@StringObj@@UBE?AV?$basic_string@DU?$char_traits@D@std@@V?$allocator@D@2@@std@@XZ 004096c0 f i parse.obj
 0001:00008700       ?getTuple@Obj@@UBEABV?$vector@PAVObj@@V?$allocator@PAVObj@@@std@@@std@@XZ 00409700 f i parse.obj
 0001:00008790       ?getTuple@TupleObj@@UBEABV?$vector@PAVObj@@V?$allocator@PAVObj@@@std@@@std@@XZ 00409790 f i parse.obj
 0001:000087a0       ?getTypeName@BooleanObj@@UBE?AV?$basic_string@DU?$char_traits@D@std@@V?$allocator@D@2@@std@@XZ 004097a0 f i parse.obj
 0001:000087e0       ?getTypeName@DictObj@@UBE?AV?$basic_string@DU?$char_traits@D@std@@V?$allocator@D@2@@std@@XZ 004097e0 f i parse.obj
 0001:00008820       ?getTypeName@IdObj@@UBE?AV?$basic_string@DU?$char_traits@D@std@@V?$allocator@D@2@@std@@XZ 00409820 f i parse.obj
 0001:00008860       ?getTypeName@NamedObj@@UBE?AV?$basic_string@DU?$char_traits@D@std@@V?$allocator@D@2@@std@@XZ 00409860 f i parse.obj
 0001:000088a0       ?getTypeName@Obj@@UBE?AV?$basic_string@DU?$char_traits@D@std@@V?$allocator@D@2@@std@@XZ 004098a0 f i parse.obj
 0001:000088e0       ?getTypeName@ScalarObj@@UBE?AV?$basic_string@DU?$char_traits@D@std@@V?$allocator@D@2@@std@@XZ 004098e0 f i parse.obj
 0001:00008920       ?getTypeName@StringObj@@UBE?AV?$basic_string@DU?$char_traits@D@std@@V?$allocator@D@2@@std@@XZ 00409920 f i parse.obj
 0001:00008960       ?getTypeName@TupleObj@@UBE?AV?$basic_string@DU?$char_traits@D@std@@V?$allocator@D@2@@std@@XZ 00409960 f i parse.obj
 0001:000089a0       ?insert@?$basic_string@DU?$char_traits@D@std@@V?$allocator@D@2@@std@@QAEAAV12@IABV12@II@Z 004099a0 f i parse.obj
 0001:00008b30       ?printOn@BooleanObj@@UBEXAAV?$basic_ostream@DU?$char_traits@D@std@@@std@@@Z 00409b30 f i parse.obj
 0001:00008b60       ?printOn@DictObj@@UBEXAAV?$basic_ostream@DU?$char_traits@D@std@@@std@@@Z 00409b60 f i parse.obj
 0001:00008c30       ?printOn@IdObj@@UBEXAAV?$basic_ostream@DU?$char_traits@D@std@@@std@@@Z 00409c30 f i parse.obj
 0001:00008c50       ?printOn@NamedObj@@UBEXAAV?$basic_ostream@DU?$char_traits@D@std@@@std@@@Z 00409c50 f i parse.obj
 0001:00008c80       ?printOn@Obj@@UBEXAAV?$basic_ostream@DU?$char_traits@D@std@@@std@@@Z 00409c80 f i parse.obj
 0001:00008c90       ?printOn@ScalarObj@@UBEXAAV?$basic_ostream@DU?$char_traits@D@std@@@std@@@Z 00409c90 f i parse.obj
 0001:00008cb0       ?printOn@StringObj@@UBEXAAV?$basic_ostream@DU?$char_traits@D@std@@@std@@@Z 00409cb0 f i parse.obj
 0001:00008ce0       ?printOn@TupleObj@@UBEXAAV?$basic_ostream@DU?$char_traits@D@std@@@std@@@Z 00409ce0 f i parse.obj
 0001:000090a0       ?readFile@@YAPAVObj@@AAV?$basic_istream@DU?$char_traits@D@std@@@std@@@Z 0040a0a0 f   parse.obj
 0001:00009920       ??$?HDU?$char_traits@D@std@@V?$allocator@D@1@@std@@YA?AV?$basic_string@DU?$char_traits@D@std@@V?$allocator@D@2@@0@$$QAV10@PBD@Z 0040a920 f i read.obj
 0001:00009980       ??$_Buynode@ABQAVGeometry@@@?$_List_buy@PAVGeometry@@V?$allocator@PAVGeometry@@@std@@@std@@QAEPAU?$_List_node@PAVGeometry@@PAX@1@PAU21@0ABQAVGeometry@@@Z 0040a980 f i read.obj
 0001:000099a0       ??$_Buynode@ABQAVLight@@@?$_List_buy@PAVLight@@V?$allocator@PAVLight@@@std@@@std@@QAEPAU?$_List_node@PAVLight@@PAX@1@PAU21@0ABQAVLight@@@Z 0040a9a0 f i read.obj
 0001:000099c0       ??$_Buynode@ABQAVTransformNode@@@?$_List_buy@PAVTransformNode@@V?$allocator@PAVTransformNode@@@std@@@std@@QAEPAU?$_List_node@PAVTransformNode@@PAX@1@PAU21@0ABQAVTransformNode@@@Z 0040a9c0 f i read.obj
 0001:000099e0       ??$_Buynode@ABUpiecewise_construct_t@std@@V?$tuple@ABV?$basic_string@DU?$char_traits@D@std@@V?$allocator@D@2@@std@@@2@V?$tuple@$$V@2@@?$_Tree_comp_alloc@V?$_Tmap_traits@V?$basic_string@DU?$char_traits@D@std@@V?$allocator@D@2@@std@@PAVMaterial@@U?$less@V?$basic_string@DU?$char_traits@D@std@@V?$allocator@D@2@@std@@@2@V?$allocator@U?$pair@$$CBV?$basic_string@DU?$char_traits@D@std@@V?$allocator@D@2@@std@@PAVMaterial@@@std@@@2@$0A@@std@@@std@@QAEPAU?$_Tree_node@U?$pair@$$CBV?$basic_string@DU?$char_traits@D@std@@V?$allocator@D@2@@std@@PAVMaterial@@@std@@PAX@1@ABUpiecewise_construct_t@1@$$QAV?$tuple@ABV?$basic_string@DU?$char_traits@D@std@@V?$allocator@D@2@@std@@@1@$$QAV?$tuple@$$V@1@@Z 0040a9e0 f i read.obj
 0001:00009aa0       ??$_Insert_at@AAU?$pair@$$CBV?$basic_string@DU?$char_traits@D@std@@V?$allocator@D@2@@std@@PAVMaterial@@@std@@PAU?$_Tree_node@U?$pair@$$CBV?$basic_string@DU?$char_traits@D@std@@V?$allocator@D@2@@std@@PAVMaterial@@@std@@PAX@2@@?$_Tree@V?$_Tmap_traits@V?$basic_string@DU?$char_traits@D@std@@V?$allocator@D@2@@std@@PAVMaterial@@U?$less@V?$basic_string@DU?$char_traits@D@std@@V?$allocator@D@2@@std@@@2@V?$allocator@U?$pair@$$CBV?$basic_string@DU?$char_traits@D@std@@V?$allocator@D@2@@std@@PAVMaterial@@@std@@@2@$0A@@std@@@std@@IAE?AV?$_Tree_iterator@V?$_Tree_val@U?$_Tree_simple_types@U?$pair@$$CBV?$basic_string@DU?$char_traits@D@std@@V?$allocator@D@2@@std@@PAVMaterial@@@std@@@std@@@std@@@1@_NPAU?$_Tree_node@U?$pair@$$CBV?$basic_string@DU?$char_traits@D@std@@V?$allocator@D@2@@std@@PAVMaterial@@@std@@PAX@1@AAU?$pair@$$CBV?$basic_string@DU?$char_traits@D@std@@V?$allocator@D@2@@std@@PAVMaterial@@@1@1@Z 0040aaa0 f i read.obj
 0001:00009c70       ??$_Insert_hint@AAU?$pair@$$CBV?$basic_string@DU?$char_traits@D@std@@V?$allocator@D@2@@std@@PAVMaterial@@@std@@PAU?$_Tree_node@U?$pair@$$CBV?$basic_string@DU?$char_traits@D@std@@V?$allocator@D@2@@std@@PAVMaterial@@@std@@PAX@2@@?$_Tree@V?$_Tmap_traits@V?$basic_string@DU?$char_traits@D@std@@V?$allocator@D@2@@std@@PAVMaterial@@U?$less@V?$basic_string@DU?$char_traits@D@std@@V?$allocator@D@2@@std@@@2@V?$allocator@U?$pair@$$CBV?$basic_string@DU?$char_traits@D@std@@V?$allocator@D@2@@std@@PAVMaterial@@@std@@@2@$0A@@std@@@std@@IAE?AV?$_Tree_iterator@V?$_Tree_val@U?$_Tree_simple_types@U?$pair@$$CBV?$basic_string@DU?$char_traits@D@std@@V?$allocator@D@2@@std@@PAVMaterial@@@std@@@std@@@std@@@1@V?$_Tree_const_iterator@V?$_Tree_val@U?$_Tree_simple_types@U?$pair@$$CBV?$basic_string@DU?$char_traits@D@std@@V?$allocator@D@2@@std@@PAVMaterial@@@std@@@std@@@std@@@1@AAU?$pair@$$CBV?$basic_string@DU?$char_traits@D@std@@V?$allocator@D@2@@std@@PAVMaterial@@@1@PAU?$_Tree_node@U?$pair@$$CBV?$basic_string@DU?$char_traits@D@std@@V?$allocator@D@2@@std@@PAVMaterial@@@std@@PAX@1@@Z 0040ac70 f i read.obj
 0001:00009ed0       ??$_Insert_nohint@AAU?$pair@$$CBV?$basic_string@DU?$char_traits@D@std@@V?$allocator@D@2@@std@@PAVMaterial@@@std@@PAU?$_Tree_node@U?$pair@$$CBV?$basic_string@DU?$char_traits@D@std@@V?$allocator@D@2@@std@@PAVMaterial@@@std@@PAX@2@@?$_Tree@V?$_Tmap_traits@V?$basic_string@DU?$char_traits@D@std@@V?$allocator@D@2@@std@@PAVMaterial@@U?$less@V?$basic_string@DU?$char_traits@D@std@@V?$allocator@D@2@@std@@@2@V?$allocator@U?$pair@$$CBV?$basic_string@DU?$char_traits@D@std@@V?$allocator@D@2@@std@@PAVMaterial@@@std@@@2@$0A@@std@@@std@@IAE?AU?$pair@V?$_Tree_iterator@V?$_Tree_val@U?$_Tree_simple_types@U?$pair@$$CBV?$basic_string@DU?$char_traits@D@std@@V?$allocator@D@2@@std@@PAVMaterial@@@std@@@std@@@std@@@std@@_N@1@_NAAU?$pair@$$CBV?$basic_string@DU?$char_traits@D@std@@V?$allocator@D@2@@std@@PAVMaterial@@@1@PAU?$_Tree_node@U?$pair@$$CBV?$basic_string@DU?$char_traits@D@std@@V?$allocator@D@2@@std@@PAVMaterial@@@std@@PAX@1@@Z 0040aed0 f i read.obj
 0001:0000a140       ??$_Lbound@V?$basic_string@DU?$char_traits@D@std@@V?$allocator@D@2@@std@@@?$_Tree@V?$_Tmap_traits@V?$basic_string@DU?$char_traits@D@std@@V?$allocator@D@2@@std@@PAVMaterial@@U?$less@V?$basic_string@DU?$char_traits@D@std@@V?$allocator@D@2@@std@@@2@V?$allocator@U?$pair@$$CBV?$basic_string@DU?$char_traits@D@std@@V?$allocator@D@2@@std@@PAVMaterial@@@std@@@2@$0A@@std@@@std@@IBEPAU?$_Tree_node@U?$pair@$$CBV?$basic_string@DU?$char_traits@D@std@@V?$allocator@D@2@@std@@PAVMaterial@@@std@@PAX@1@ABV?$basic_string@DU?$char_traits@D@std@@V?$allocator@D@2@@1@@Z 0040b140 f i read.obj
 0001:0000a220       ??$_Try_emplace@ABV?$basic_string@DU?$char_traits@D@std@@V?$allocator@D@2@@std@@$$V@?$map@V?$basic_string@DU?$char_traits@D@std@@V?$allocator@D@2@@std@@PAVMaterial@@U?$less@V?$basic_string@DU?$char_traits@D@std@@V?$allocator@D@2@@std@@@2@V?$allocator@U?$pair@$$CBV?$basic_string@DU?$char_traits@D@std@@V?$allocator@D@2@@std@@PAVMaterial@@@std@@@2@@std@@QAE?AU?$pair@V?$_Tree_iterator@V?$_Tree_val@U?$_Tree_simple_types@U?$pair@$$CBV?$basic_string@DU?$char_traits@D@std@@V?$allocator@D@2@@std@@PAVMaterial@@@std@@@std@@@std@@@std@@_N@1@ABV?$basic_string@DU?$char_traits@D@std@@V?$allocator@D@2@@1@@Z 0040b220 f i read.obj
 0001:0000a2d0       ??$ends@DU?$char_traits@D@std@@@std@@YAAAV?$basic_ostream@DU?$char_traits@D@std@@@0@AAV10@@Z 0040b2d0 f i read.obj
 0001:0000a2f0       ??$use_facet@V?$codecvt@DDU_Mbstatet@@@std@@@std@@YAABV?$codecvt@DDU_Mbstatet@@@0@ABVlocale@0@@Z 0040b2f0 f i read.obj
 0001:0000a3f0       ??0?$basic_ifstream@DU?$char_traits@D@std@@@std@@QAE@PBDHH@Z 0040b3f0 f i read.obj
 0001:0000a500       ??0?$basic_string@DU?$char_traits@D@std@@V?$allocator@D@2@@std@@QAE@ABV01@@Z 0040b500 f i read.obj
 0001:0000a530       ??0?$fpos@U_Mbstatet@@@std@@QAE@U_Mbstatet@@_J@Z 0040b530 f i read.obj
 0001:0000a560       ??0Scene@@QAE@XZ           0040b560 f i read.obj
 0001:0000a700       ??0SpotLight@@QAE@PAVScene@@ABVvec3f@@111@Z 0040b700 f i read.obj
 0001:0000a7a0       ??0TransformNode@@IAE@PAV0@ABVmat4f@@@Z 0040b7a0 f i read.obj
 0001:0000aba0       ??0bad_cast@std@@QAE@ABV01@@Z 0040bba0 f i read.obj
 0001:0000abe0       ??0exception@std@@QAE@ABV01@@Z 0040bbe0 f i read.obj
 0001:0000ac10       ??0mat4f@@QAE@ABVvec4f@@000@Z 0040bc10 f i read.obj
 0001:0000ace0       ??0ostrstream@std@@QAE@XZ  0040bce0 f i read.obj
 0001:0000add0       ??0vec4f@@QAE@XZ           0040bdd0 f i read.obj
 0001:0000ade0       ??1?$basic_filebuf@DU?$char_traits@D@std@@@std@@UAE@XZ 0040bde0 f i read.obj
 0001:0000ae60       ??1?$basic_ifstream@DU?$char_traits@D@std@@@std@@UAE@XZ 0040be60 f i read.obj
 0001:0000af10       ??1?$list@PAVGeometry@@V?$allocator@PAVGeometry@@@std@@@std@@QAE@XZ 0040bf10 f i read.obj
 0001:0000af60       ??1?$list@PAVLight@@V?$allocator@PAVLight@@@std@@@std@@QAE@XZ 0040bf60 f i read.obj
 0001:0000afb0       ??1?$list@PAVTransformNode@@V?$allocator@PAVTransformNode@@@std@@@std@@QAE@XZ 0040bfb0 f i read.obj
 0001:0000b000       ??1?$map@V?$basic_string@DU?$char_traits@D@std@@V?$allocator@D@2@@std@@PAVMaterial@@U?$less@V?$basic_string@DU?$char_traits@D@std@@V?$allocator@D@2@@std@@@2@V?$allocator@U?$pair@$$CBV?$basic_string@DU?$char_traits@D@std@@V?$allocator@D@2@@std@@PAVMaterial@@@std@@@2@@std@@QAE@XZ 0040c000 f i read.obj
 0001:0000b060       ??1MaterialSceneObject@@UAE@XZ 0040c060 f i read.obj
 0001:0000b090       ??1SceneElement@@UAE@XZ    0040c090 f i read.obj
 0001:0000b0a0       ??1TransformNode@@QAE@XZ   0040c0a0 f i read.obj
 0001:0000b130       ??1TransformRoot@@QAE@XZ   0040c130 f i read.obj
 0001:0000b140       ??1bad_cast@std@@UAE@XZ    0040c140 f i read.obj
 0001:0000b160       ??1exception@std@@UAE@XZ   0040c160 f i read.obj
 0001:0000b180       ??1locale@std@@QAE@XZ      0040c180 f i read.obj
 0001:0000b1d0       ??1ostrstream@std@@UAE@XZ  0040c1d0 f i read.obj
 0001:0000b270       ??1strstreambuf@std@@UAE@XZ 0040c270 f i read.obj
 0001:0000b2e0       ??4?$basic_string@DU?$char_traits@D@std@@V?$allocator@D@2@@std@@QAEAAV01@$$QAV01@@Z 0040c2e0 f i read.obj
 0001:0000b360       ??6@YAAAV?$basic_ostream@DU?$char_traits@D@std@@@std@@AAV01@ABVException@@@Z 0040c360 f i read.obj
 0001:0000b3e0       ??D@YA?AVmat4f@@ABV0@0@Z   0040c3e0 f i read.obj
 0001:0000b890       ??E?$_Tree_unchecked_const_iterator@V?$_Tree_val@U?$_Tree_simple_types@U?$pair@$$CBV?$basic_string@DU?$char_traits@D@std@@V?$allocator@D@2@@std@@PAVMaterial@@@std@@@std@@@std@@U_Iterator_base0@2@@std@@QAEAAV01@XZ 0040c890 f i read.obj
 0001:0000b8e0       ??F?$_Tree_unchecked_const_iterator@V?$_Tree_val@U?$_Tree_simple_types@U?$pair@$$CBV?$basic_string@DU?$char_traits@D@std@@V?$allocator@D@2@@std@@PAVMaterial@@@std@@@std@@@std@@U_Iterator_base0@2@@std@@QAEAAV01@XZ 0040c8e0 f i read.obj
 0001:0000b940       ??_D?$basic_ifstream@DU?$char_traits@D@std@@@std@@QAEXXZ 0040c940 f i read.obj
 0001:0000b960       ??_Dostrstream@std@@QAEXXZ 0040c960 f i read.obj
 0001:0000b974       ??_E?$basic_ifstream@DU?$char_traits@D@std@@@std@@$4PPPPPPPM@A@AEPAXI@Z 0040c974 f i read.obj
 0001:0000b97c       ??_Eostrstream@std@@$4PPPPPPPM@A@AEPAXI@Z 0040c97c f i read.obj
 0001:0000b990       ??_E?$basic_filebuf@DU?$char_traits@D@std@@@std@@UAEPAXI@Z 0040c990 f i read.obj
 0001:0000b990       ??_G?$basic_filebuf@DU?$char_traits@D@std@@@std@@UAEPAXI@Z 0040c990 f i read.obj
 0001:0000ba30       ??_G?$basic_ifstream@DU?$char_traits@D@std@@@std@@UAEPAXI@Z 0040ca30 f i read.obj
 0001:0000ba30       ??_E?$basic_ifstream@DU?$char_traits@D@std@@@std@@UAEPAXI@Z 0040ca30 f i read.obj
 0001:0000ba70       ??_EBox@@UAEPAXI@Z         0040ca70 f i read.obj
 0001:0000ba70       ??_GBox@@UAEPAXI@Z         0040ca70 f i read.obj
 0001:0000bab0       ??_ECone@@UAEPAXI@Z        0040cab0 f i read.obj
 0001:0000bab0       ??_GCone@@UAEPAXI@Z        0040cab0 f i read.obj
 0001:0000bb00       ??_GCylinder@@UAEPAXI@Z    0040cb00 f i read.obj
 0001:0000bb00       ??_ECylinder@@UAEPAXI@Z    0040cb00 f i read.obj
 0001:0000bb40       ??_GDirectionalLight@@UAEPAXI@Z 0040cb40 f i read.obj
 0001:0000bb40       ??_EDirectionalLight@@UAEPAXI@Z 0040cb40 f i read.obj
 0001:0000bb70       ??_EGeometry@@UAEPAXI@Z    0040cb70 f i read.obj
 0001:0000bb70       ??_GGeometry@@UAEPAXI@Z    0040cb70 f i read.obj
 0001:0000bba0       ??_ELight@@UAEPAXI@Z       0040cba0 f i read.obj
 0001:0000bba0       ??_GLight@@UAEPAXI@Z       0040cba0 f i read.obj
 0001:0000bbd0       ??_GMaterialSceneObject@@UAEPAXI@Z 0040cbd0 f i read.obj
 0001:0000bbd0       ??_EMaterialSceneObject@@UAEPAXI@Z 0040cbd0 f i read.obj
 0001:0000bc10       ??_EPointLight@@UAEPAXI@Z  0040cc10 f i read.obj
 0001:0000bc10       ??_GPointLight@@UAEPAXI@Z  0040cc10 f i read.obj
 0001:0000bc40       ??_EScene@@UAEPAXI@Z       0040cc40 f i read.obj
 0001:0000bc40       ??_GScene@@UAEPAXI@Z       0040cc40 f i read.obj
 0001:0000bc70       ??_GSceneElement@@UAEPAXI@Z 0040cc70 f i read.obj
 0001:0000bc70       ??_ESceneElement@@UAEPAXI@Z 0040cc70 f i read.obj
 0001:0000bca0       ??_GSceneObject@@UAEPAXI@Z 0040cca0 f i read.obj
 0001:0000bca0       ??_ESceneObject@@UAEPAXI@Z 0040cca0 f i read.obj
 0001:0000bcd0       ??_ESphere@@UAEPAXI@Z      0040ccd0 f i read.obj
 0001:0000bcd0       ??_GSphere@@UAEPAXI@Z      0040ccd0 f i read.obj
 0001:0000bd10       ??_ESpotLight@@UAEPAXI@Z   0040cd10 f i read.obj
 0001:0000bd10       ??_GSpotLight@@UAEPAXI@Z   0040cd10 f i read.obj
 0001:0000bd40       ??_GSquare@@UAEPAXI@Z      0040cd40 f i read.obj
 0001:0000bd40       ??_ESquare@@UAEPAXI@Z      0040cd40 f i read.obj
 0001:0000bd80       ??_ETrimesh@@UAEPAXI@Z     0040cd80 f i read.obj
 0001:0000bd80       ??_GTrimesh@@UAEPAXI@Z     0040cd80 f i read.obj
 0001:0000bdb0       ??_Gbad_cast@std@@UAEPAXI@Z 0040cdb0 f i read.obj
 0001:0000bdb0       ??_Ebad_cast@std@@UAEPAXI@Z 0040cdb0 f i read.obj
 0001:0000bdf0       ??_Eexception@std@@UAEPAXI@Z 0040cdf0 f i read.obj
 0001:0000bdf0       ??_Gexception@std@@UAEPAXI@Z 0040cdf0 f i read.obj
 0001:0000be30       ??_Gostrstream@std@@UAEPAXI@Z 0040ce30 f i read.obj
 0001:0000be30       ??_Eostrstream@std@@UAEPAXI@Z 0040ce30 f i read.obj
 0001:0000be70       ??_Gstrstreambuf@std@@UAEPAXI@Z 0040ce70 f i read.obj
 0001:0000be70       ??_Estrstreambuf@std@@UAEPAXI@Z 0040ce70 f i read.obj
 0001:0000bf00       ?ComputeBoundingBox@Geometry@@UAEXXZ 0040cf00 f i read.obj
 0001:0000c540       ?ComputeLocalBoundingBox@Box@@UAE?AVBoundingBox@@XZ 0040d540 f i read.obj
 0001:0000c580       ?ComputeLocalBoundingBox@Cone@@UAE?AVBoundingBox@@XZ 0040d580 f i read.obj
 0001:0000c5e0       ?ComputeLocalBoundingBox@Cylinder@@UAE?AVBoundingBox@@XZ 0040d5e0 f i read.obj
 0001:0000c620       ?ComputeLocalBoundingBox@Geometry@@UAE?AVBoundingBox@@XZ 0040d620 f i read.obj
 0001:0000c650       ?ComputeLocalBoundingBox@Sphere@@UAE?AVBoundingBox@@XZ 0040d650 f i read.obj
 0001:0000c690       ?ComputeLocalBoundingBox@Square@@UAE?AVBoundingBox@@XZ 0040d690 f i read.obj
 0001:0000c6e0       ?_Buyheadnode@?$_Tree_comp_alloc@V?$_Tmap_traits@V?$basic_string@DU?$char_traits@D@std@@V?$allocator@D@2@@std@@PAVMaterial@@U?$less@V?$basic_string@DU?$char_traits@D@std@@V?$allocator@D@2@@std@@@2@V?$allocator@U?$pair@$$CBV?$basic_string@DU?$char_traits@D@std@@V?$allocator@D@2@@std@@PAVMaterial@@@std@@@2@$0A@@std@@@std@@QAEPAU?$_Tree_node@U?$pair@$$CBV?$basic_string@DU?$char_traits@D@std@@V?$allocator@D@2@@std@@PAVMaterial@@@std@@PAX@2@XZ 0040d6e0 f i read.obj
 0001:0000c710       ?_Buynode0@?$_List_alloc@U?$_List_base_types@PAVGeometry@@V?$allocator@PAVGeometry@@@std@@@std@@@std@@QAEPAU?$_List_node@PAVGeometry@@PAX@2@PAU32@0@Z 0040d710 f i read.obj
 0001:0000c750       ?_Buynode0@?$_List_alloc@U?$_List_base_types@PAVLight@@V?$allocator@PAVLight@@@std@@@std@@@std@@QAEPAU?$_List_node@PAVLight@@PAX@2@PAU32@0@Z 0040d750 f i read.obj
 0001:0000c790       ?_Buynode0@?$_List_alloc@U?$_List_base_types@PAVTransformNode@@V?$allocator@PAVTransformNode@@@std@@@std@@@std@@QAEPAU?$_List_node@PAVTransformNode@@PAX@2@PAU32@0@Z 0040d790 f i read.obj
 0001:0000c7d0       ?_Buynode0@?$_Tree_comp_alloc@V?$_Tmap_traits@V?$basic_string@DU?$char_traits@D@std@@V?$allocator@D@2@@std@@PAVMaterial@@U?$less@V?$basic_string@DU?$char_traits@D@std@@V?$allocator@D@2@@std@@@2@V?$allocator@U?$pair@$$CBV?$basic_string@DU?$char_traits@D@std@@V?$allocator@D@2@@std@@PAVMaterial@@@std@@@2@$0A@@std@@@std@@QAEPAU?$_Tree_node@U?$pair@$$CBV?$basic_string@DU?$char_traits@D@std@@V?$allocator@D@2@@std@@PAVMaterial@@@std@@PAX@2@XZ 0040d7d0 f i read.obj
 0001:0000c810       ?_Destroy_if_not_nil@?$_Tree@V?$_Tmap_traits@V?$basic_string@DU?$char_traits@D@std@@V?$allocator@D@2@@std@@PAVMaterial@@U?$less@V?$basic_string@DU?$char_traits@D@std@@V?$allocator@D@2@@std@@@2@V?$allocator@U?$pair@$$CBV?$basic_string@DU?$char_traits@D@std@@V?$allocator@D@2@@std@@PAVMaterial@@@std@@@2@$0A@@std@@@std@@IAEXPAU?$_Tree_node@U?$pair@$$CBV?$basic_string@DU?$char_traits@D@std@@V?$allocator@D@2@@std@@PAVMaterial@@@std@@PAX@2@@Z 0040d810 f i read.obj
 0001:0000c860       ?_Endwrite@?$basic_filebuf@DU?$char_traits@D@std@@@std@@IAE_NXZ 0040d860 f i read.obj
 0001:0000c9d0       ?_Erase@?$_Tree@V?$_Tmap_traits@V?$basic_string@DU?$char_traits@D@std@@V?$allocator@D@2@@std@@PAVMaterial@@U?$less@V?$basic_string@DU?$char_traits@D@std@@V?$allocator@D@2@@std@@@2@V?$allocator@U?$pair@$$CBV?$basic_string@DU?$char_traits@D@std@@V?$allocator@D@2@@std@@PAVMaterial@@@std@@@2@$0A@@std@@@std@@IAEXPAU?$_Tree_node@U?$pair@$$CBV?$basic_string@DU?$char_traits@D@std@@V?$allocator@D@2@@std@@PAVMaterial@@@std@@PAX@2@@Z 0040d9d0 f i read.obj
 0001:0000ca80       ?_Init@?$basic_filebuf@DU?$char_traits@D@std@@@std@@IAEXPAU_iobuf@@W4_Initfl@12@@Z 0040da80 f i read.obj
 0001:0000cb10       ?_Lock@?$basic_filebuf@DU?$char_traits@D@std@@@std@@UAEXXZ 0040db10 f i read.obj
 0001:0000cb20       ?_Lrotate@?$_Tree@V?$_Tmap_traits@V?$basic_string@DU?$char_traits@D@std@@V?$allocator@D@2@@std@@PAVMaterial@@U?$less@V?$basic_string@DU?$char_traits@D@std@@V?$allocator@D@2@@std@@@2@V?$allocator@U?$pair@$$CBV?$basic_string@DU?$char_traits@D@std@@V?$allocator@D@2@@std@@PAVMaterial@@@std@@@2@$0A@@std@@@std@@IAEXPAU?$_Tree_node@U?$pair@$$CBV?$basic_string@DU?$char_traits@D@std@@V?$allocator@D@2@@std@@PAVMaterial@@@std@@PAX@2@@Z 0040db20 f i read.obj
 0001:0000cb80       ?_Reset_back@?$basic_filebuf@DU?$char_traits@D@std@@@std@@AAEXXZ 0040db80 f i read.obj
 0001:0000cbb0       ?_Rrotate@?$_Tree@V?$_Tmap_traits@V?$basic_string@DU?$char_traits@D@std@@V?$allocator@D@2@@std@@PAVMaterial@@U?$less@V?$basic_string@DU?$char_traits@D@std@@V?$allocator@D@2@@std@@@2@V?$allocator@U?$pair@$$CBV?$basic_string@DU?$char_traits@D@std@@V?$allocator@D@2@@std@@PAVMaterial@@@std@@@2@$0A@@std@@@std@@IAEXPAU?$_Tree_node@U?$pair@$$CBV?$basic_string@DU?$char_traits@D@std@@V?$allocator@D@2@@std@@PAVMaterial@@@std@@PAX@2@@Z 0040dbb0 f i read.obj
 0001:0000cc10       ?_Set_back@?$basic_filebuf@DU?$char_traits@D@std@@@std@@AAEXXZ 0040dc10 f i read.obj
 0001:0000cc50       ?_Unlock@?$basic_filebuf@DU?$char_traits@D@std@@@std@@UAEXXZ 0040dc50 f i read.obj
 0001:0000cc60       ?add@Scene@@QAEXPAVGeometry@@@Z 0040dc60 f i read.obj
 0001:0000ccc0       ?add@Scene@@QAEXPAVLight@@@Z 0040dcc0 f i read.obj
 0001:0000cd10       ?append@?$basic_string@DU?$char_traits@D@std@@V?$allocator@D@2@@std@@QAEAAV12@PBDI@Z 0040dd10 f i read.obj
 0001:0000ce30       ?close@?$basic_filebuf@DU?$char_traits@D@std@@@std@@QAEPAV12@XZ 0040de30 f i read.obj
 0001:0000cea0       ?createChild@TransformNode@@QAEPAV1@ABVmat4f@@@Z 0040dea0 f i read.obj
 0001:0000cf60       ?erase@?$_Tree@V?$_Tmap_traits@V?$basic_string@DU?$char_traits@D@std@@V?$allocator@D@2@@std@@PAVMaterial@@U?$less@V?$basic_string@DU?$char_traits@D@std@@V?$allocator@D@2@@std@@@2@V?$allocator@U?$pair@$$CBV?$basic_string@DU?$char_traits@D@std@@V?$allocator@D@2@@std@@PAVMaterial@@@std@@@2@$0A@@std@@@std@@QAE?AV?$_Tree_iterator@V?$_Tree_val@U?$_Tree_simple_types@U?$pair@$$CBV?$basic_string@DU?$char_traits@D@std@@V?$allocator@D@2@@std@@PAVMaterial@@@std@@@std@@@std@@@2@V?$_Tree_const_iterator@V?$_Tree_val@U?$_Tree_simple_types@U?$pair@$$CBV?$basic_string@DU?$char_traits@D@std@@V?$allocator@D@2@@std@@PAVMaterial@@@std@@@std@@@std@@@2@0@Z 0040df60 f i read.obj
 0001:0000d050       ?erase@?$_Tree@V?$_Tmap_traits@V?$basic_string@DU?$char_traits@D@std@@V?$allocator@D@2@@std@@PAVMaterial@@U?$less@V?$basic_string@DU?$char_traits@D@std@@V?$allocator@D@2@@std@@@2@V?$allocator@U?$pair@$$CBV?$basic_string@DU?$char_traits@D@std@@V?$allocator@D@2@@std@@PAVMaterial@@@std@@@2@$0A@@std@@@std@@QAE?AV?$_Tree_iterator@V?$_Tree_val@U?$_Tree_simple_types@U?$pair@$$CBV?$basic_string@DU?$char_traits@D@std@@V?$allocator@D@2@@std@@PAVMaterial@@@std@@@std@@@std@@@2@V?$_Tree_const_iterator@V?$_Tree_val@U?$_Tree_simple_types@U?$pair@$$CBV?$basic_string@DU?$char_traits@D@std@@V?$allocator@D@2@@std@@PAVMaterial@@@std@@@std@@@std@@@2@@Z 0040e050 f i read.obj
 0001:0000d340       ?find@?$_Tree@V?$_Tmap_traits@V?$basic_string@DU?$char_traits@D@std@@V?$allocator@D@2@@std@@PAVMaterial@@U?$less@V?$basic_string@DU?$char_traits@D@std@@V?$allocator@D@2@@std@@@2@V?$allocator@U?$pair@$$CBV?$basic_string@DU?$char_traits@D@std@@V?$allocator@D@2@@std@@PAVMaterial@@@std@@@2@$0A@@std@@@std@@QBE?AV?$_Tree_const_iterator@V?$_Tree_val@U?$_Tree_simple_types@U?$pair@$$CBV?$basic_string@DU?$char_traits@D@std@@V?$allocator@D@2@@std@@PAVMaterial@@@std@@@std@@@std@@@2@ABV?$basic_string@DU?$char_traits@D@std@@V?$allocator@D@2@@2@@Z 0040e340 f i read.obj
 0001:0000d3d0       ?find@?$_Tree@V?$_Tmap_traits@V?$basic_string@DU?$char_traits@D@std@@V?$allocator@D@2@@std@@PAVObj@@U?$less@V?$basic_string@DU?$char_traits@D@std@@V?$allocator@D@2@@std@@@2@V?$allocator@U?$pair@$$CBV?$basic_string@DU?$char_traits@D@std@@V?$allocator@D@2@@std@@PAVObj@@@std@@@2@$0A@@std@@@std@@QBE?AV?$_Tree_const_iterator@V?$_Tree_val@U?$_Tree_simple_types@U?$pair@$$CBV?$basic_string@DU?$char_traits@D@std@@V?$allocator@D@2@@std@@PAVObj@@@std@@@std@@@std@@@2@ABV?$basic_string@DU?$char_traits@D@std@@V?$allocator@D@2@@2@@Z 0040e3d0 f i read.obj
 0001:0000d8a0       ?getMaterial@MaterialSceneObject@@UBEABVMaterial@@XZ 0040e8a0 f i read.obj
 0001:0000d8b0       ?getMsg@Exception@@QBE?AV?$basic_string@DU?$char_traits@D@std@@V?$allocator@D@2@@std@@XZ 0040e8b0 f i read.obj
 0001:0000d8f0       ?getOrder@MaterialSceneObject@@UBEHXZ 0040e8f0 f i read.obj
 0001:0000d900       ?hasBoundingBoxCapability@Box@@UBE_NXZ 0040e900 f i read.obj
 0001:0000d910       ?hasBoundingBoxCapability@Cone@@UBE_NXZ 0040e910 f i read.obj
 0001:0000d920       ?hasBoundingBoxCapability@Cylinder@@UBE_NXZ 0040e920 f i read.obj
 0001:0000d930       ?hasBoundingBoxCapability@Sphere@@UBE_NXZ 0040e930 f i read.obj
 0001:0000d940       ?hasBoundingBoxCapability@Square@@UBE_NXZ 0040e940 f i read.obj
 0001:0000d950       ?hasInterior@MaterialSceneObject@@UBE_NXZ 0040e950 f i read.obj
 0001:0000d960       ?hasUVmapping@MaterialSceneObject@@UBE_NXZ 0040e960 f i read.obj
 0001:0000d970       ?hasUVmapping@SceneObject@@UBE_NXZ 0040e970 f i read.obj
 0001:0000d980       ?hasUVmapping@Sphere@@UBE_NXZ 0040e980 f i read.obj
 0001:0000d990       ?imbue@?$basic_filebuf@DU?$char_traits@D@std@@@std@@MAEXABVlocale@2@@Z 0040e990 f i read.obj
 0001:0000da90       ?open@?$basic_filebuf@DU?$char_traits@D@std@@@std@@QAEPAV12@PBDHH@Z 0040ea90 f i read.obj
 0001:0000db70       ?overflow@?$basic_filebuf@DU?$char_traits@D@std@@@std@@MAEHH@Z 0040eb70 f i read.obj
 0001:0000dd80       ?overflow@strstreambuf@std@@MAEHH@Z 0040ed80 f i read.obj
 0001:0000df30       ?pbackfail@?$basic_filebuf@DU?$char_traits@D@std@@@std@@MAEHH@Z 0040ef30 f i read.obj
 0001:0000dfc0       ?pbackfail@strstreambuf@std@@MAEHH@Z 0040efc0 f i read.obj
 0001:00011150       ?readScene@@YAPAVScene@@AAV?$basic_istream@DU?$char_traits@D@std@@@std@@@Z 00412150 f   read.obj
 0001:000113f0       ?readScene@@YAPAVScene@@ABV?$basic_string@DU?$char_traits@D@std@@V?$allocator@D@2@@std@@@Z 004123f0 f   read.obj
 0001:00011520       ?rotate@mat4f@@SA?AV1@ABVvec3f@@N@Z 00412520 f i read.obj
 0001:00011720       ?seekoff@?$basic_filebuf@DU?$char_traits@D@std@@@std@@MAE?AV?$fpos@U_Mbstatet@@@2@_JHH@Z 00412720 f i read.obj
 0001:00011820       ?seekoff@strstreambuf@std@@MAE?AV?$fpos@U_Mbstatet@@@2@_JHH@Z 00412820 f i read.obj
 0001:00011980       ?seekpos@?$basic_filebuf@DU?$char_traits@D@std@@@std@@MAE?AV?$fpos@U_Mbstatet@@@2@V32@H@Z 00412980 f i read.obj
 0001:00011a60       ?seekpos@strstreambuf@std@@MAE?AV?$fpos@U_Mbstatet@@@2@V32@H@Z 00412a60 f i read.obj
 0001:00011b50       ?setMaterial@MaterialSceneObject@@UAEXPAVMaterial@@@Z 00412b50 f i read.obj
 0001:00011b60       ?setOrder@MaterialSceneObject@@UAEXH@Z 00412b60 f i read.obj
 0001:00011b70       ?setbuf@?$basic_filebuf@DU?$char_traits@D@std@@@std@@MAEPAV?$basic_streambuf@DU?$char_traits@D@std@@@2@PAD_J@Z 00412b70 f i read.obj
 0001:00011bc0       ?str@ostrstream@std@@QAEPADXZ 00412bc0 f i read.obj
 0001:00011c00       ?sync@?$basic_filebuf@DU?$char_traits@D@std@@@std@@MAEHXZ 00412c00 f i read.obj
 0001:00011ca0       ?uflow@?$basic_filebuf@DU?$char_traits@D@std@@@std@@MAEHXZ 00412ca0 f i read.obj
 0001:00011ea0       ?underflow@?$basic_filebuf@DU?$char_traits@D@std@@@std@@MAEHXZ 00412ea0 f i read.obj
 0001:00011ee0       ?underflow@strstreambuf@std@@MAEHXZ 00412ee0 f i read.obj
 0001:000120b0       ?what@exception@std@@UBEPBDXZ 004130b0 f i read.obj
 0001:00012160       ?inverse@mat3f@@QBE?AV1@XZ 00413160 f   vecmath.obj
 0001:00012560       ?inverse@mat4f@@QBE?AV1@XZ 00413560 f   vecmath.obj
 0001:000129c0       ??0Camera@@QAE@XZ          004139c0 f   camera.obj
 0001:00012a60       ?rayThrough@Camera@@QAEXNNAAVray@@@Z 00413a60 f   camera.obj
 0001:00012b90       ?setAspectRatio@Camera@@QAEXN@Z 00413b90 f   camera.obj
 0001:00012d30       ?setEye@Camera@@QAEXABVvec3f@@@Z 00413d30 f   camera.obj
 0001:00012d60       ?setFOV@Camera@@QAEXN@Z    00413d60 f   camera.obj
 0001:00012f20       ?setLook@Camera@@QAEXABVvec3f@@0@Z 00413f20 f   camera.obj
 0001:00013160       ?setLook@Camera@@QAEXNNNN@Z 00414160 f   camera.obj
 0001:00013400       ?update@Camera@@AAEXXZ     00414400 f   camera.obj
 0001:00013590       ?distanceAttenuation@DirectionalLight@@UBENABVvec3f@@@Z 00414590 f   light.obj
 0001:000135a0       ?distanceAttenuation@PointLight@@UBENABVvec3f@@@Z 004145a0 f   light.obj
 0001:00013660       ?distanceAttenuation@SpotLight@@UBENABVvec3f@@@Z 00414660 f   light.obj
 0001:00013720       ?getColor@DirectionalLight@@UBE?AVvec3f@@ABV2@@Z 00414720 f   light.obj
 0001:00013740       ?getColor@PointLight@@UBE?AVvec3f@@ABV2@@Z 00414740 f   light.obj
 0001:00013760       ?getColor@SpotLight@@UBE?AVvec3f@@ABV2@@Z 00414760 f   light.obj
 0001:00013780       ?getDirection@DirectionalLight@@UBE?AVvec3f@@ABV2@@Z 00414780 f   light.obj
 0001:000137b0       ?getDirection@PointLight@@UBE?AVvec3f@@ABV2@@Z 004147b0 f   light.obj
 0001:00013840       ?getDirection@SpotLight@@UBE?AVvec3f@@ABV2@@Z 00414840 f   light.obj
 0001:000138d0       ?shadowAttenuation@DirectionalLight@@UBE?AVvec3f@@ABV2@@Z 004148d0 f   light.obj
 0001:00013ae0       ?shadowAttenuation@PointLight@@UBE?AVvec3f@@ABV2@@Z 00414ae0 f   light.obj
 0001:00014160       ?shadowAttenuation@SpotLight@@UBE?AVvec3f@@ABV2@@Z 00415160 f   light.obj
 0001:000147c0       ?softShadowAttenuation@PointLight@@IBE?AVvec3f@@ABV2@ABVray@@@Z 004157c0 f   light.obj
 0001:00014ad0       ?shade@Material@@UBE?AVvec3f@@PAVScene@@ABVray@@ABVisect@@@Z 00415ad0 f   material.obj
 0001:00014fd0       ?getMaterial@isect@@QBEABVMaterial@@XZ 00415fd0 f   ray.obj
 0001:00014fe0       ??0Material@@QAE@ABV0@@Z   00415fe0 f i scene.obj
 0001:000150e0       ??1Scene@@UAE@XZ           004160e0 f   scene.obj
 0001:000152c0       ??4BoundingBox@@QAEXABV0@@Z 004162c0 f   scene.obj
 0001:00015310       ??4Material@@QAEAAV0@ABV0@@Z 00416310 f i scene.obj
 0001:00015410       ??4isect@@QAEAAV0@ABV0@@Z  00416410 f i scene.obj
 0001:000154b0       ?hasBoundingBoxCapability@Geometry@@UBE_NXZ 004164b0 f   scene.obj
 0001:000154c0       ?initScene@Scene@@QAEXXZ   004164c0 f   scene.obj
 0001:00015690       ?intersect@BoundingBox@@QBE_NABVray@@AAN1@Z 00416690 f   scene.obj
 0001:000157a0       ?intersect@Geometry@@UBE_NABVray@@AAVisect@@@Z 004167a0 f   scene.obj
 0001:00015af0       ?intersect@Scene@@QBE_NABVray@@AAVisect@@@Z 00416af0 f   scene.obj
 0001:00015e80       ?intersectLocal@Geometry@@UBE_NABVray@@AAVisect@@@Z 00416e80 f   scene.obj
 0001:00015e90       ?intersects@BoundingBox@@QBE_NABV1@@Z 00416e90 f   scene.obj
 0001:00015f20       ?intersects@BoundingBox@@QBE_NABVvec3f@@@Z 00416f20 f   scene.obj
 0001:00015fa0       ?intersectLocal@Box@@UBE_NABVray@@AAVisect@@@Z 00416fa0 f   Box.obj
 0001:00016120       ?intersectBody@Cone@@QBE_NABVray@@AAVisect@@@Z 00417120 f   Cone.obj
 0001:00016470       ?intersectCaps@Cone@@QBE_NABVray@@AAVisect@@@Z 00417470 f   Cone.obj
 0001:00016610       ?intersectLocal@Cone@@UBE_NABVray@@AAVisect@@@Z 00417610 f   Cone.obj
 0001:000166e0       ?intersectBody@Cylinder@@QBE_NABVray@@AAVisect@@@Z 004176e0 f   Cylinder.obj
 0001:000169c0       ?intersectCaps@Cylinder@@QBE_NABVray@@AAVisect@@@Z 004179c0 f   Cylinder.obj
 0001:00016b20       ?intersectLocal@Cylinder@@UBE_NABVray@@AAVisect@@@Z 00417b20 f   Cylinder.obj
 0001:00016bf0       ?intersectLocal@Sphere@@UBE_NABVray@@AAVisect@@@Z 00417bf0 f   Sphere.obj
 0001:00016de0       ?intersectLocal@Square@@UBE_NABVray@@AAVisect@@@Z 00417de0 f   Square.obj
 0001:00016eb0       ??$_Uninitialized_default_fill_n1@PAVvec3f@@IV?$allocator@Vvec3f@@@std@@@std@@YAXPAVvec3f@@IAAU?$_Wrap_alloc@V?$allocator@Vvec3f@@@std@@@0@U?$integral_constant@_N$0A@@0@@Z 00417eb0 f i trimesh.obj
 0001:00016ee0       ??$_Uninitialized_move_al_unchecked1@PAVvec3f@@PAV1@V?$allocator@Vvec3f@@@std@@@std@@YAPAVvec3f@@PAV1@00AAU?$_Wrap_alloc@V?$allocator@Vvec3f@@@std@@@0@U_General_ptr_iterator_tag@0@U_Any_tag@0@@Z 00417ee0 f i trimesh.obj
 0001:00016f20       ??1Trimesh@@UAE@XZ         00417f20 f   trimesh.obj
 0001:00017180       ??D@YA?AVMaterial@@NV0@@Z  00418180 f i trimesh.obj
 0001:00017320       ??YMaterial@@QAEAAV0@ABV0@@Z 00418320 f i trimesh.obj
 0001:00017490       ??_ETrimeshFace@@UAEPAXI@Z 00418490 f i trimesh.obj
 0001:00017490       ??_GTrimeshFace@@UAEPAXI@Z 00418490 f i trimesh.obj
 0001:000174d0       ?ComputeLocalBoundingBox@TrimeshFace@@UAE?AVBoundingBox@@XZ 004184d0 f i trimesh.obj
 0001:000175f0       ?_Reallocate@?$vector@PAVMaterial@@V?$allocator@PAVMaterial@@@std@@@std@@IAEXI@Z 004185f0 f i trimesh.obj
 0001:00017650       ?_Reallocate@?$vector@PAVTrimeshFace@@V?$allocator@PAVTrimeshFace@@@std@@@std@@IAEXI@Z 00418650 f i trimesh.obj
 0001:000176b0       ?_Reallocate@?$vector@Vvec3f@@V?$allocator@Vvec3f@@@std@@@std@@IAEXI@Z 004186b0 f i trimesh.obj
 0001:00017790       ?_Reserve@?$vector@PAVMaterial@@V?$allocator@PAVMaterial@@@std@@@std@@IAEXI@Z 00418790 f i trimesh.obj
 0001:00017800       ?_Reserve@?$vector@PAVTrimeshFace@@V?$allocator@PAVTrimeshFace@@@std@@@std@@IAEXI@Z 00418800 f i trimesh.obj
 0001:00017870       ?_Reserve@?$vector@Vvec3f@@V?$allocator@Vvec3f@@@std@@@std@@IAEXI@Z 00418870 f i trimesh.obj
 0001:00017910       ?_Tidy@?$vector@Vvec3f@@V?$allocator@Vvec3f@@@std@@@std@@IAEXXZ 00418910 f i trimesh.obj
 0001:00017960       ?addFace@Trimesh@@QAE_NHHH@Z 00418960 f   trimesh.obj
 0001:00017a80       ?addMaterial@Trimesh@@QAEXPAVMaterial@@@Z 00418a80 f   trimesh.obj
 0001:00017aa0       ?addNormal@Trimesh@@QAEXABVvec3f@@@Z 00418aa0 f   trimesh.obj
 0001:00017ab0       ?addVertex@Trimesh@@QAEXABVvec3f@@@Z 00418ab0 f   trimesh.obj
 0001:00017ac0       ?allocate@?$allocator@PAVMaterial@@@std@@QAEPAPAVMaterial@@I@Z 00418ac0 f i trimesh.obj
 0001:00017b30       ?allocate@?$allocator@PAVTrimeshFace@@@std@@QAEPAPAVTrimeshFace@@I@Z 00418b30 f i trimesh.obj
 0001:00017ba0       ?allocate@?$allocator@Vvec3f@@@std@@QAEPAVvec3f@@I@Z 00418ba0 f i trimesh.obj
 0001:00017c10       ?doubleCheck@Trimesh@@QAEPADXZ 00418c10 f   trimesh.obj
 0001:00017cb0       ?generateNormals@Trimesh@@QAEXXZ 00418cb0 f   trimesh.obj
 0001:00017f40       ?hasBoundingBoxCapability@TrimeshFace@@UBE_NXZ 00418f40 f i trimesh.obj
 0001:00017f50       ?intersectLocal@TrimeshFace@@UBE_NABVray@@AAVisect@@@Z 00418f50 f   trimesh.obj
 0001:00018690       ?push_back@?$vector@PAVMaterial@@V?$allocator@PAVMaterial@@@std@@@std@@QAEXABQAVMaterial@@@Z 00419690 f i trimesh.obj
 0001:00018700       ?push_back@?$vector@PAVTrimeshFace@@V?$allocator@PAVTrimeshFace@@@std@@@std@@QAEXABQAVTrimeshFace@@@Z 00419700 f i trimesh.obj
 0001:00018770       ?push_back@?$vector@Vvec3f@@V?$allocator@Vvec3f@@@std@@@std@@QAEXABVvec3f@@@Z 00419770 f i trimesh.obj
 0001:00018820       ?resize@?$vector@Vvec3f@@V?$allocator@Vvec3f@@@std@@@std@@QAEXI@Z 00419820 f i trimesh.obj
 0001:00018920       ?visual@Fl@@SAHH@Z         00419920 f   fltk:Fl_visual.obj
 0001:00018980       ?option@Fl@@SA_NW4Fl_Option@1@@Z 00419980 f   fltk:Fl.obj
 0001:00018c10       ?option@Fl@@SAXW4Fl_Option@1@_N@Z 00419c10 f   fltk:Fl.obj
 0001:00018c50       ?version@Fl@@SANXZ         00419c50 f   fltk:Fl.obj
 0001:00018c60       ?scrollbar_size@Fl@@SAHXZ  00419c60 f   fltk:Fl.obj
 0001:00018c70       ?scrollbar_size@Fl@@SAXH@Z 00419c70 f   fltk:Fl.obj
 0001:00018c80       ?wait@Fl@@SAHXZ            00419c80 f   fltk:Fl.obj
 0001:00018cd0       ?wait@Fl@@SANN@Z           00419cd0 f   fltk:Fl.obj
 0001:00018d00       ?check@Fl@@SAHXZ           00419d00 f   fltk:Fl.obj
 0001:00018d40       ?ready@Fl@@SAHXZ           00419d40 f   fltk:Fl.obj
 0001:00018d50       ?run@Fl@@SAHXZ             00419d50 f   fltk:Fl.obj
 0001:00018d80       ?add_timeout@Fl@@SAXNP6AXPAX@Z0@Z 00419d80 f   fltk:Fl.obj
 0001:00018db0       ?repeat_timeout@Fl@@SAXNP6AXPAX@Z0@Z 00419db0 f   fltk:Fl.obj
 0001:00018f60       ?has_timeout@Fl@@SAHP6AXPAX@Z0@Z 00419f60 f   fltk:Fl.obj
 0001:00018fc0       ?remove_timeout@Fl@@SAXP6AXPAX@Z0@Z 00419fc0 f   fltk:Fl.obj
 0001:00019030       ?add_check@Fl@@SAXP6AXPAX@Z0@Z 0041a030 f   fltk:Fl.obj
 0001:000190b0       ?has_check@Fl@@SAHP6AXPAX@Z0@Z 0041a0b0 f   fltk:Fl.obj
 0001:00019100       ?remove_check@Fl@@SAXP6AXPAX@Z0@Z 0041a100 f   fltk:Fl.obj
 0001:00019180       ?add_fd@Fl@@SAXHHP6AXHPAX@Z0@Z 0041a180 f   fltk:Fl.obj
 0001:00019450       ?add_fd@Fl@@SAXHP6AXHPAX@Z0@Z 0041a450 f   fltk:Fl.obj
 0001:00019470       ?remove_fd@Fl@@SAXHH@Z     0041a470 f   fltk:Fl.obj
 0001:00019770       ?remove_fd@Fl@@SAXH@Z      0041a770 f   fltk:Fl.obj
 0001:00019790       ?redraw@Fl@@SAXXZ          0041a790 f   fltk:Fl.obj
 0001:000197c0       ?flush@Fl@@SAXXZ           0041a7c0 f   fltk:Fl.obj
 0001:00019890       ?first_window@Fl@@SAPAVFl_Window@@XZ 0041a890 f   fltk:Fl.obj
 0001:000198c0       ?first_window@Fl@@SAXPAVFl_Window@@@Z 0041a8c0 f   fltk:Fl.obj
 0001:00019910       ?next_window@Fl@@SAPAVFl_Window@@PBV2@@Z 0041a910 f   fltk:Fl.obj
 0001:00019950       ?get_mouse@Fl@@SAXAAH0@Z   0041a950 f   fltk:Fl.obj
 0001:00019980       ?event_inside@Fl@@SAHHHHH@Z 0041a980 f   fltk:Fl.obj
 0001:000199d0       ?event_inside@Fl@@SAHPBVFl_Widget@@@Z 0041a9d0 f   fltk:Fl.obj
 0001:00019a50       ?enable_im@Fl@@SAXXZ       0041aa50 f   fltk:Fl.obj
 0001:00019a90       ?disable_im@Fl@@SAXXZ      0041aa90 f   fltk:Fl.obj
 0001:00019ad0       ?handle@Fl@@SAHHPAVFl_Window@@@Z 0041aad0 f   fltk:Fl.obj
 0001:00019b10       ?handle_@Fl@@SAHHPAVFl_Window@@@Z 0041ab10 f   fltk:Fl.obj
 0001:0001a1f0       ?belowmouse@Fl@@SAXPAVFl_Widget@@@Z 0041b1f0 f   fltk:Fl.obj
 0001:0001a290       ?pushed@Fl@@SAXPAVFl_Widget@@@Z 0041b290 f   fltk:Fl.obj
 0001:0001a2a0       ?focus@Fl@@SAXPAVFl_Widget@@@Z 0041b2a0 f   fltk:Fl.obj
 0001:0001a3a0       ?add_handler@Fl@@SAXP6AHH@Z@Z 0041b3a0 f   fltk:Fl.obj
 0001:0001a3e0       ?remove_handler@Fl@@SAXP6AHH@Z@Z 0041b3e0 f   fltk:Fl.obj
 0001:0001a460       ?add_system_handler@Fl@@SAXP6AHPAX0@Z0@Z 0041b460 f   fltk:Fl.obj
 0001:0001a4b0       ?remove_system_handler@Fl@@SAXP6AHPAX0@Z@Z 0041b4b0 f   fltk:Fl.obj
 0001:0001a530       ?event_dispatch@Fl@@SAXP6AHHPAVFl_Window@@@Z@Z 0041b530 f   fltk:Fl.obj
 0001:0001a540       ?event_dispatch@Fl@@SAP6AHHPAVFl_Window@@@ZXZ 0041b540 f   fltk:Fl.obj
 0001:0001a550       ?copy@Fl@@SAXPBDHH0@Z      0041b550 f   fltk:Fl.obj
 0001:0001a680       ?copy@Fl@@SAXPBDHH@Z       0041b680 f   fltk:Fl.obj
 0001:0001a6a0       ?paste@Fl@@SAXAAVFl_Widget@@HPBD@Z 0041b6a0 f   fltk:Fl.obj
 0001:0001b390       ?paste@Fl@@SAXAAVFl_Widget@@H@Z 0041c390 f   fltk:Fl.obj
 0001:0001b3b0       ?add_clipboard_notify@Fl@@SAXP6AXHPAX@Z0@Z 0041c3b0 f   fltk:Fl.obj
 0001:0001b410       ?remove_clipboard_notify@Fl@@SAXP6AXHPAX@Z@Z 0041c410 f   fltk:Fl.obj
 0001:0001b480       ?clipboard_contains@Fl@@SAHPBD@Z 0041c480 f   fltk:Fl.obj
 0001:0001b530       ?selection_owner@Fl@@SAXPAVFl_Widget@@@Z 0041c530 f   fltk:Fl.obj
 0001:0001b540       ?selection@Fl@@SAXAAVFl_Widget@@PBDH@Z 0041c540 f   fltk:Fl.obj
 0001:0001b560       ?paste@Fl@@SAXAAVFl_Widget@@@Z 0041c560 f   fltk:Fl.obj
 0001:0001b580       ?x@Fl@@SAHXZ               0041c580 f   fltk:Fl.obj
 0001:0001b5c0       ?y@Fl@@SAHXZ               0041c5c0 f   fltk:Fl.obj
 0001:0001b600       ?w@Fl@@SAHXZ               0041c600 f   fltk:Fl.obj
 0001:0001b640       ?h@Fl@@SAHXZ               0041c640 f   fltk:Fl.obj
 0001:0001b680       ?thread_message@Fl@@SAPAXXZ 0041c680 f   fltk:Fl.obj
 0001:0001b6a0       ?delete_widget@Fl@@SAXPAVFl_Widget@@@Z 0041c6a0 f   fltk:Fl.obj
 0001:0001b7a0       ?do_widget_deletion@Fl@@SAXXZ 0041c7a0 f   fltk:Fl.obj
 0001:0001b820       ?watch_widget_pointer@Fl@@SAXAAPAVFl_Widget@@@Z 0041c820 f   fltk:Fl.obj
 0001:0001b8c0       ?release_widget_pointer@Fl@@SAXAAPAVFl_Widget@@@Z 0041c8c0 f   fltk:Fl.obj
 0001:0001b940       ?clear_widget_pointer@Fl@@SAXPBVFl_Widget@@@Z 0041c940 f   fltk:Fl.obj
 0001:0001b9b0       ??0Fl_Widget_Tracker@@QAE@PAVFl_Widget@@@Z 0041c9b0 f   fltk:Fl.obj
 0001:0001b9e0       ??1Fl_Widget_Tracker@@QAE@XZ 0041c9e0 f   fltk:Fl.obj
 0001:0001ba30       ?redraw@Fl_Widget@@QAEXXZ  0041ca30 f   fltk:Fl.obj
 0001:0001ba50       ?redraw_label@Fl_Widget@@QAEXXZ 0041ca50 f   fltk:Fl.obj
 0001:0001c050       ?damage@Fl_Widget@@QAEXE@Z 0041d050 f   fltk:Fl.obj
 0001:0001c110       ?damage@Fl_Widget@@QAEXEHHHH@Z 0041d110 f   fltk:Fl.obj
 0001:0001c300       ?size_range_@Fl_Window@@AAEXXZ 0041d300 f   fltk:Fl.obj
 0001:0001c320       ?fullscreen_x@Fl_Window@@AAEXXZ 0041d320 f   fltk:Fl.obj
 0001:0001c390       ?fullscreen_off_x@Fl_Window@@AAEXHHHH@Z 0041d390 f   fltk:Fl.obj
 0001:0001c570       ?flush@Fl_Window@@MAEXXZ   0041d570 f   fltk:Fl.obj
 0001:0001c5e0       ?handle@Fl_Window@@UAEHH@Z 0041d5e0 f   fltk:Fl.obj
 0001:0001c750       ?resize@Fl_Window@@UAEXHHHH@Z 0041d750 f   fltk:Fl.obj
 0001:0001ca30       ?label@Fl_Window@@QAEXPBD0@Z 0041da30 f   fltk:Fl.obj
 0001:0001cb20       ?default_icons@Fl_Window@@SAXPAUHICON__@@0@Z 0041db20 f   fltk:Fl.obj
 0001:0001cb40       ?icons@Fl_Window@@QAEXPAUHICON__@@0@Z 0041db40 f   fltk:Fl.obj
 0001:0001cba0       ?show@Fl_Window@@UAEXXZ    0041dba0 f   fltk:Fl.obj
 0001:0001cc60       ?hide@Fl_Window@@UAEXXZ    0041dc60 f   fltk:Fl.obj
 0001:0001d0c0       ?make_current@Fl_Window@@QAEXXZ 0041e0c0 f   fltk:Fl.obj
 0001:0001d120       ?decorated_w@Fl_Window@@QAEHXZ 0041e120 f   fltk:Fl.obj
 0001:0001d1f0       ?decorated_h@Fl_Window@@QAEHXZ 0041e1f0 f   fltk:Fl.obj
 0001:0001d2c0       ?XRectangleRegion@@YAPAUHRGN__@@HHHH@Z 0041e2c0 f   fltk:Fl.obj
 0001:0001d370       ?fake_X_wm@Fl_X@@SAHPBVFl_Window@@AAH1111@Z 0041e370 f   fltk:Fl.obj
 0001:0001daa0       ?make_fullscreen@Fl_X@@QAEXHHHH@Z 0041eaa0 f   fltk:Fl.obj
 0001:0001dc00       ?set_minmax@Fl_X@@QAEXPAUtagMINMAXINFO@@@Z 0041ec00 f   fltk:Fl.obj
 0001:0001dcf0       ?set_default_icons@Fl_X@@SAXQAPBVFl_RGB_Image@@H@Z 0041ecf0 f   fltk:Fl.obj
 0001:0001ddb0       ?set_default_icons@Fl_X@@SAXPAUHICON__@@0@Z 0041edb0 f   fltk:Fl.obj
 0001:0001de20       ?set_icons@Fl_X@@QAEXXZ    0041ee20 f   fltk:Fl.obj
 0001:0001dfc0       ?set_cursor@Fl_X@@QAEHW4Fl_Cursor@@@Z 0041efc0 f   fltk:Fl.obj
 0001:0001e150       ?set_cursor@Fl_X@@QAEHPBVFl_RGB_Image@@HH@Z 0041f150 f   fltk:Fl.obj
 0001:0001e1d0       ?make@Fl_X@@SAPAV1@PAVFl_Window@@@Z 0041f1d0 f   fltk:Fl.obj
 0001:0001ee70       ?fl_release_dc@@YAXPAUHWND__@@PAUHDC__@@@Z 0041fe70 f   fltk:Fl.obj
 0001:0001ef10       ?fl_save_dc@@YAXPAUHWND__@@PAUHDC__@@@Z 0041ff10 f   fltk:Fl.obj
 0001:0001ef80       ?fl_open_display@@YAXXZ    0041ff80 f   fltk:Fl.obj
 0001:0001efb0       ?fl_find@@YAPAVFl_Window@@PAUHWND__@@@Z 0041ffb0 f   fltk:Fl.obj
 0001:0001f030       ?fl_GetDC@@YAPAUHDC__@@PAUHWND__@@@Z 00420030 f   fltk:Fl.obj
 0001:0001f0d0       ?fl_free_fonts@@YAXXZ      004200d0 f   fltk:Fl.obj
 0001:0001f190       ?fl_cleanup_dc_list@@YAXXZ 00420190 f   fltk:Fl.obj
 0001:0001f260       ?fl_clipboard_notify_change@@YAXXZ 00420260 f   fltk:Fl.obj
 0001:0001f2e0       ?fl_clipboard_notify_empty@@YA_NXZ 004202e0 f   fltk:Fl.obj
 0001:0001f310       ?fl_trigger_clipboard_notify@@YAXH@Z 00420310 f   fltk:Fl.obj
 0001:0001f350       ?fl_ready@@YAHXZ           00420350 f   fltk:Fl.obj
 0001:0001f430       ?fl_wait@@YAHN@Z           00420430 f   fltk:Fl.obj
 0001:0001f840       ?fl_send_system_handlers@@YAHPAX@Z 00420840 f   fltk:Fl.obj
 0001:0001f8a0       ?fl_fix_focus@@YAXXZ       004208a0 f   fltk:Fl.obj
 0001:0001fa80       ?fl_throw_focus@@YAXPAVFl_Widget@@@Z 00420a80 f   fltk:Fl.obj
 0001:0001fc50       ?fl_clipboard_notify_retarget@@YAXPAUHWND__@@@Z 00420c50 f   fltk:Fl.obj
 0001:0001fcb0       ?fl_update_clipboard@@YAXXZ 00420cb0 f   fltk:Fl.obj
 0001:0001fdc0       ?fl_set_status@@YAXHHHH@Z  00420dc0 f   fltk:Fl.obj
 0001:0001fdd0       ?fl_set_spot@@YAXHHHHHHPAVFl_Window@@@Z 00420dd0 f   fltk:Fl.obj
 0001:0001ff30       ?fl_reset_spot@@YAXXZ      00420f30 f   fltk:Fl.obj
 0001:0001ff40       ?print_window@Fl_Paged_Device@@QAEXPAVFl_Window@@HH@Z 00420f40 f   fltk:Fl.obj
 0001:00020570       ?fl_get_lcid_codepage@@YAIK@Z 00421570 f   fltk:Fl.obj
 0001:000205d0       ?fl_get_codepage@@YAXXZ    004215d0 f   fltk:Fl.obj
 0001:00021b90       ?fl_filename_name@@YAPBDPBD@Z 00422b90 f   fltk:Fl.obj
 0001:00022190       ?fl_xid_@@YAPAUHWND__@@PBVFl_Window@@@Z 00423190 f   fltk:Fl.obj
 0001:000221c0       ??0Lf2CrlfConvert@@QAE@PBDH@Z 004231c0 f i fltk:Fl.obj
 0001:00022380       ??1Fl_Win32_At_Exit@@QAE@XZ 00423380 f i fltk:Fl.obj
 0001:000223f0       ??1Lf2CrlfConvert@@QAE@XZ  004233f0 f i fltk:Fl.obj
 0001:00022420       ??1NameList@@QAE@XZ        00423420 f i fltk:Fl.obj
[...]
 0003:00002df4       ?s_wsock_select@@3P6GHHPAUfd_set@@00PBUtimeval@@@ZA 0048fdf4     fltk:Fl.obj
 0003:00002df8       ?fl_wsk_fd_is_set@@3P6GHIPAUfd_set@@@ZA 0048fdf8     fltk:Fl.obj
 0003:00002e24       ?s_imm_module@@3PAUHINSTANCE__@@A 0048fe24     fltk:Fl.obj
 0003:00002e28       ?flImmAssociateContextEx@@3P6GHPAUHWND__@@PAUHIMC__@@K@ZA 0048fe28     fltk:Fl.obj
 0003:00002e2d       ?dnd_flag@@3DA             0048fe2d     fltk:Fl.obj
 0003:00002e30       ?flImmGetContext@@3P6GPAUHIMC__@@PAUHWND__@@@ZA 0048fe30     fltk:Fl.obj
 0003:00002e38       ?flImmSetCompositionWindow@@3P6GHPAUHIMC__@@PAUtagCOMPOSITIONFORM@@@ZA 0048fe38     fltk:Fl.obj
 0003:00002e3c       ?flImmReleaseContext@@3P6GHPAUHWND__@@PAUHIMC__@@@ZA 0048fe3c     fltk:Fl.obj
 0003:00002e40       ?sys_handlers@@3PAUsystem_handler_link@@A 0048fe40     fltk:Fl.obj
 0003:00002e44       ?track_mouse_win@@3PAVFl_Window@@A 0048fe44     fltk:Fl.obj
 0003:00002e48       ?maxfd@@3HA                0048fe48     fltk:Fl.obj
 0003:00002e4c       ?nfds@@3HA                 0048fe4c     fltk:Fl.obj
 0003:00002e50       ?fd_array_size@@3HA        0048fe50     fltk:Fl.obj
 0003:00002e7c       ?fd@@3PAUFD@@A             0048fe7c     fltk:Fl.obj
 0003:00002edc       ?default_big_icon@@3PAUHICON__@@A 0048fedc     fltk:Fl.obj
 0003:00002ee0       ?default_small_icon@@3PAUHICON__@@A 0048fee0     fltk:Fl.obj
 0003:00002ee4       ?win_DC_list@@3PAUWin_DC_List@@A 0048fee4     fltk:Fl.obj
 0003:00002ef0       ?num_dwidgets@@3HA         0048fef0     fltk:Fl.obj
 0003:00002ef4       ?alloc_dwidgets@@3HA       0048fef4     fltk:Fl.obj
 0003:00002ef8       ?dwidgets@@3PAPAVFl_Widget@@A 0048fef8     fltk:Fl.obj
 0003:00002efc       ?widget_watch@@3PAPAPAVFl_Widget@@A 0048fefc     fltk:Fl.obj
 0003:00002f00       ?num_widget_watch@@3HA     0048ff00     fltk:Fl.obj
 0003:00002f04       ?max_widget_watch@@3HA     0048ff04     fltk:Fl.obj
 0003:00002f10       ?win32_at_exit@@3VFl_Win32_At_Exit@@A 0048ff10     fltk:Fl.obj
 0003:00002f14       ?fl_gdi_display@@3VFl_Display_Device@@A 0048ff14     fltk:Fl.obj
 0003:00002f20       ?fl_gdi_driver@@3VFl_GDI_Graphics_Driver@@A 0048ff20     fltk:Fl.obj
 0003:00003608       ?first_check@@3PAUCheck@@A 00490608     fltk:Fl.obj
 0003:0000360c       ?next_check@@3PAUCheck@@A  0049060c     fltk:Fl.obj
 0003:00003610       ?free_check@@3PAUCheck@@A  00490610     fltk:Fl.obj
 0003:00003614       ?thread_message_@@3PAXA    00490614     fltk:Fl.obj
 0003:00003618       ?fdsets@@3PAUfd_set@@A     00490618     fltk:Fl.obj
 0003:00003924       ?win32_timers@@3PAUWin32Timer@@A 00490924     fltk:Fl.obj
 0003:00003928       ?win32_timer_alloc@@3HA    00490928     fltk:Fl.obj
 0003:0000392c       ?win32_timer_used@@3HA     0049092c     fltk:Fl.obj
 0003:00003930       ?s_TimerWnd@@3PAUHWND__@@A 00490930     fltk:Fl.obj
 0003:00003934       ?resize_bug_fix@@3PAVFl_Window@@A 00490934     fltk:Fl.obj
 0003:00003938       ?in_idle@?1??fl_wait@@YAHN@Z@4DA 00490938     fltk:Fl.obj
 0003:00003939       ?beenHereDoneThat@?1??fl_open_display@@YAXXZ@4DA 00490939     fltk:Fl.obj
 0003:0000393c       ?px@?1??mouse_event@@YAHPAVFl_Window@@HHIJ@Z@4HA 0049093c     fltk:Fl.obj
 0003:00003940       ?py@?1??mouse_event@@YAHPAVFl_Window@@HHIJ@Z@4HA 00490940     fltk:Fl.obj
 0003:00003944       ?pmx@?1??mouse_event@@YAHPAVFl_Window@@HHIJ@Z@4HA 00490944     fltk:Fl.obj
 0003:00003948       ?pmy@?1??mouse_event@@YAHPAVFl_Window@@HHIJ@Z@4HA 00490948     fltk:Fl.obj
 0003:00003950       ?vklut@?1??ms2fltk@@YAHIH@Z@4PAGA 00490950     fltk:Fl.obj
 0003:00003b50       ?extendedlut@?1??ms2fltk@@YAHIH@Z@4PAGA 00490b50     fltk:Fl.obj
 0003:00003d50       ?buffer@?DH@??WndProc@@YGJPAUHWND__@@IIJ@Z@4PADA 00490d50     fltk:Fl.obj
 0003:00004150       ?delta@?GG@??WndProc@@YGJPAUHWND__@@IIJ@Z@4HA 00491150     fltk:Fl.obj
 0003:00004154       ?delta@?GJ@??WndProc@@YGJPAUHWND__@@IIJ@Z@4HA 00491154     fltk:Fl.obj
 0003:00004158       ?class_name_list@?1??make@Fl_X@@SAPAV2@PAVFl_Window@@@Z@4VNameList@@A 00491158     fltk:Fl.obj
 0003:00004164       ?$TSS0@?1??make@Fl_X@@SAPAV2@PAVFl_Window@@@Z@4HA 00491164     fltk:Fl.obj
 0003:00004168       ?first_class_name@?1??make@Fl_X@@SAPAV2@PAVFl_Window@@@Z@4PBDB 00491168     fltk:Fl.obj
 0003:0000416c       ?avoidRecursion@@3DA       0049116c     fltk:fl_ask.obj
 0003:00004174       ?message_form@@3PAVFl_Window@@A 00491174     fltk:fl_ask.obj
 0003:00004178       ?message@@3PAVFl_Box@@A    00491178     fltk:fl_ask.obj
 0003:0000417c       ?icon@@3PAVFl_Box@@A       0049117c     fltk:fl_ask.obj
 0003:00004180       ?button@@3PAPAVFl_Button@@A 00491180     fltk:fl_ask.obj
 0003:0000418c       ?input@@3PAVFl_Input@@A    0049118c     fltk:fl_ask.obj
 0003:00004190       ?ret_val@@3HA              00491190     fltk:fl_ask.obj
 0003:00004194       ?message_title_default@@3PBDB 00491194     fltk:fl_ask.obj
 0003:000041a8       ?fc@@3PAVFl_File_Chooser@@A 004911a8     fltk:fl_file_dir.obj
 0003:000041ac       ?current_callback@@3P6AXPBD@ZA 004911ac     fltk:fl_file_dir.obj
 0003:000041b0       ?current_label@@3PBDB      004911b0     fltk:fl_file_dir.obj
 0003:000041b8       ?retname@?1??fl_file_chooser@@YAPADPBD00H@Z@4PADA 004911b8     fltk:fl_file_dir.obj
 0003:000049b8       ?retname@?1??fl_dir_chooser@@YAPADPBD0H@Z@4PADA 004919b8     fltk:fl_file_dir.obj
 0003:000051b8       ?fl_gmi@@3P6GHPAUHMONITOR__@@PAUtagMONITORINFO@@@ZA 004921b8     fltk:screen_xywh.obj
 0003:000051c0       ?screens@@3PAUtagRECT@@A   004921c0     fltk:screen_xywh.obj
 0003:000052c0       ?work_area@@3PAUtagRECT@@A 004922c0     fltk:screen_xywh.obj
 0003:000053c0       ?dpi@@3PAY01MA             004923c0     fltk:screen_xywh.obj
 0003:00005470       ?main_thread@@3KA          00492470     fltk:Fl_lock.obj
 0003:00005478       ?measure@@3PAP6AXPBUFl_Label@@AAH1@ZA 00492478     fltk:fl_labeltype.obj
 0003:000054b8       ?obj_queue@@3PAPAVFl_Widget@@A 004924b8     fltk:Fl_Widget.obj
 0003:00005508       ?obj_head@@3HA             00492508     fltk:Fl_Widget.obj
 0003:0000550c       ?obj_tail@@3HA             0049250c     fltk:Fl_Widget.obj
 0003:0000551c       ?window@@3PAVFl_TooltipBox@@A 0049251c     fltk:Fl_Tooltip.obj
 0003:00005524       ?tip@@3PBDB                00492524     fltk:Fl_Tooltip.obj
 0003:00005528       ?Y@@3HA                    00492528     fltk:Fl_Tooltip.obj
 0003:0000552c       ?H@@3HA                    0049252c     fltk:Fl_Tooltip.obj
 0003:00005530       ?recent_tooltip@@3DA       00492530     fltk:Fl_Tooltip.obj
 0003:00005531       ?recursion@@3DA            00492531     fltk:Fl_Tooltip.obj
 0003:00005532       ?beenhere@?1??set_enter_exit_once_@Fl_Tooltip@@CAXXZ@4DA 00492532     fltk:Fl_Tooltip.obj
 0003:00006140       ?tmppen@@3PAXA             00493140     fltk:fl_color.obj
 0003:00006144       ?savepen@@3PAUHPEN__@@A    00493144     fltk:fl_color.obj
 0003:00006148       ?xmap@?1??color@Fl_GDI_Graphics_Driver@@UAEXEEE@Z@4UFl_XMap@@A 00493148     fltk:fl_color.obj
 0003:00006158       ?brushes@?1??fl_brush_action@@YAPAUHBRUSH__@@H@Z@4PAUFl_Brush@?1??1@YAPAU2@H@Z@A 00493158     fltk:fl_color.obj
 0003:00006218       ?beenhere@?1??fl_select_palette@@YAPAUHPALETTE__@@XZ@4DA 00493218     fltk:fl_color.obj
 0003:0000621c       ?fl_alpha_blend@@3P6GHPAUHDC__@@HHHH0HHHHUFL_BLENDFUNCTION@@@ZA 0049321c     fltk:Fl_Double_Window.obj
 0003:00006220       ?been_here@?1??fl_can_do_alpha_blending@@YADXZ@4DA 00493220     fltk:Fl_Double_Window.obj
 0003:00006221       ?can_do@?1??fl_can_do_alpha_blending@@YADXZ@4DA 00493221     fltk:Fl_Double_Window.obj
 0003:000062d4       ?hMod@?1??newUUID@Fl_Preferences@@SAPBDXZ@4PAUHINSTANCE__@@A 004932d4     fltk:Fl_Preferences.obj
 0003:000062e4       ?fl_angle_@@3HA            004932e4     fltk:fl_font.obj
 0003:000062e8       ?wstr@@3PAGA               004932e8     fltk:fl_font.obj
 0003:000062ec       ?wstr_len@@3HA             004932ec     fltk:fl_font.obj
 0003:000062f0       ?fl_GetGlyphIndices@@3P6GKPAUHDC__@@PB_WHPAGK@ZA 004932f0     fltk:fl_font.obj
 0003:000062f4       ?have_loaded_GetGlyphIndices@@3HA 004932f4     fltk:fl_font.obj
 0003:000062f8       ?ext_buff@?1??text_extents@Fl_GDI_Graphics_Driver@@UAEXPBDHAAH111@Z@4PAGA 004932f8     fltk:fl_font.obj
 0003:000062fc       ?w_buff@?1??text_extents@Fl_GDI_Graphics_Driver@@UAEXPBDHAAH111@Z@4PAGA 004932fc     fltk:fl_font.obj
 0003:00006300       ?wc_len@?1??text_extents@Fl_GDI_Graphics_Driver@@UAEXPBDHAAH111@Z@4IA 00493300     fltk:fl_font.obj
 0003:00006310       ?hMod@?1??draw@Fl_GDI_Printer_Graphics_Driver@@UAEXPAVFl_Pixmap@@HHHHHH@Z@4PAUHINSTANCE__@@A 00493310     fltk:Fl_Pixmap.obj
 0003:00006314       ?fl_TransparentBlt@?1??draw@Fl_GDI_Printer_Graphics_Driver@@UAEXPAVFl_Pixmap@@HHHHHH@Z@4P6GHPAUHDC__@@HHHH1HHHHI@ZA 00493314     fltk:Fl_Pixmap.obj
 0003:00006318       ?fl_TransparentBlt@?1??draw@Fl_GDI_Printer_Graphics_Driver@@UAEXPAVFl_Bitmap@@HHHHHH@Z@4P6GHPAUHDC__@@HHHH1HHHHI@ZA 00493318     fltk:Fl_Bitmap.obj
 0003:0000631c       ?hMod@?1??draw@Fl_GDI_Printer_Graphics_Driver@@UAEXPAVFl_Bitmap@@HHHHHH@Z@4PAUHINSTANCE__@@A 0049331c     fltk:Fl_Bitmap.obj
 0003:00006320       ?ri@?1??dither@@YAXPAEPBEHH@Z@4HA 00493320     fltk:fl_draw_image.obj
 0003:00006324       ?gi@?1??dither@@YAXPAEPBEHH@Z@4HA 00493324     fltk:fl_draw_image.obj
 0003:00006328       ?bi@?1??dither@@YAXPAEPBEHH@Z@4HA 00493328     fltk:fl_draw_image.obj
 0003:0000632c       ?dir@?1??dither@@YAXPAEPBEHH@Z@4HA 0049332c     fltk:fl_draw_image.obj
 0003:00006330       ?ri@?1??monodither@@YAXPAEPBEHH@Z@4HA 00493330     fltk:fl_draw_image.obj
 0003:00006334       ?dir@?1??monodither@@YAXPAEPBEHH@Z@4HA 00493334     fltk:fl_draw_image.obj
 0003:00006338       ?bmibuffer@?1??innards@@YAXPBEHHHHHHHP6AXPAXHHHPAE@Z1@Z@4PAIA 00493338     fltk:fl_draw_image.obj
 0003:00006768       ?buffer@?1??innards@@YAXPBEHHHHHHHP6AXPAXHHHPAE@Z1@Z@4PAIA 00493768     fltk:fl_draw_image.obj
 0003:0000676c       ?buffer_size@?1??innards@@YAXPBEHHHHHHHP6AXPAXHHHPAE@Z1@Z@4JA 0049376c     fltk:fl_draw_image.obj
 0003:00006770       ?line_buffer@?1??innards@@YAXPBEHHHHHHHP6AXPAXHHHPAE@Z1@Z@4PAIA 00493770     fltk:fl_draw_image.obj
 0003:00006774       ?line_buf_size@?CH@??innards@@YAXPBEHHHHHHHP6AXPAXHHHPAE@Z1@Z@4HA 00493774     fltk:fl_draw_image.obj
 0003:00006780       ?fl_bg_set@@3DA            00493780     fltk:Fl_get_system_colors.obj
 0003:00006781       ?fl_bg2_set@@3DA           00493781     fltk:Fl_get_system_colors.obj
 0003:00006782       ?fl_fg_set@@3DA            00493782     fltk:Fl_get_system_colors.obj
 0003:00006790       ?tile@@3VFl_Pixmap@@A      00493790     fltk:Fl_get_system_colors.obj
 0003:000067b8       ?e@?1??scheme@Fl@@SAHPBD@Z@4PADA 004937b8     fltk:Fl_get_system_colors.obj
 0003:00006bf0       ?mbwbuf@@3PA_WA            00493bf0     fltk:fl_utf8.obj
 0003:00006bf8       ?buf@@3PADA                00493bf8     fltk:fl_utf8.obj
 0003:00006bfc       ?buf_len@@3HA              00493bfc     fltk:fl_utf8.obj
 0003:00006c00       ?wbufa@@3PAGA              00493c00     fltk:fl_utf8.obj
 0003:00006c04       ?wbuf@@3PA_WA              00493c04     fltk:fl_utf8.obj
 0003:00006c08       ?wbuf1@@3PA_WA             00493c08     fltk:fl_utf8.obj
 0003:00006c0c       ?table@?1??Toupper@@YAHH@Z@4PAGA 00493c0c     fltk:fl_utf8.obj
 0003:00006c10       ?buf@?1??fl_utf2mbcs@@9@4PADA 00493c10     fltk:fl_utf8.obj
 0003:00006c14       ?buf@?1??fl_getenv@@9@4PADA 00493c14     fltk:fl_utf8.obj
 0003:00006c18       ?wbuf@?1??fl_getcwd@@9@4PA_WA 00493c18     fltk:fl_utf8.obj
 0003:00006c1c       ?buf@?1??fl_shortcut_label@@YAPBDIPAPBD@Z@4PADA 00493c1c     fltk:fl_shortcut.obj
 0003:00006c54       ?l_secret@@3HA             00493c54     fltk:Fl_Input_.obj
 0003:00006c58       ?undobuffer@@3PADA         00493c58     fltk:Fl_Input_.obj
 0003:00006c5c       ?undobufferlength@@3HA     00493c5c     fltk:Fl_Input_.obj
 0003:00006c60       ?undowidget@@3PAVFl_Input_@@A 00493c60     fltk:Fl_Input_.obj
 0003:00006c64       ?undoat@@3HA               00493c64     fltk:Fl_Input_.obj
 0003:00006c68       ?undocut@@3HA              00493c68     fltk:Fl_Input_.obj
 0003:00006c6c       ?undoinsert@@3HA           00493c6c     fltk:Fl_Input_.obj
 0003:00006c70       ?yankcut@@3HA              00493c70     fltk:Fl_Input_.obj
 0003:00006c74       ?legal_fp_chars@@3PBDB     00493c74     fltk:Fl_Input.obj
 0003:00006c78       ?dnd_save_position@?1??handle@Fl_Input@@UAEHH@Z@4HA 00493c78     fltk:Fl_Input.obj
 0003:00006c7c       ?dnd_save_mark@?1??handle@Fl_Input@@UAEHH@Z@4HA 00493c7c     fltk:Fl_Input.obj
 0003:00006c80       ?newpos@?1??handle@Fl_Input@@UAEHH@Z@4HA 00493c80     fltk:Fl_Input.obj
 0003:00006c84       ?dnd_save_focus@?1??handle@Fl_Input@@UAEHH@Z@4PAVFl_Widget@@A 00493c84     fltk:Fl_Input.obj
 0003:00006c8c       ?underline_at@@3PADA       00493c8c     fltk:fl_draw.obj
 0003:00006c90       ?local_buf@?1??expand_text_@@YAPBDPBDAAPADHNAAHAANHH@Z@4PADA 00493c90     fltk:fl_draw.obj
 0003:00006c94       ?$TSS0@?1??expand_text_@@YAPBDPBDAAPADHNAAHAANHH@Z@4HA 00493c94     fltk:fl_draw.obj
 0003:00006c9c       ?pressed_menu_button_@@3PAVFl_Menu_Button@@A 00493c9c     fltk:Fl_Menu_Button.obj
 0003:00006ca0       ?p@@3PAUmenustate@@A       00493ca0     fltk:Fl_Menu.obj
 0003:00006ca4       ?button@@3PBVFl_Menu_@@B   00493ca4     fltk:Fl_Menu.obj
 0003:00006ca8       ?dummy@?1??popup@Fl_Menu_Item@@QBEPBU2@HHPBDPBU2@PBVFl_Menu_@@@Z@4U2@A 00493ca8     fltk:Fl_Menu.obj
 0003:00006ccc       ?local_array@@3PAUFl_Menu_Item@@A 00493ccc     fltk:Fl_Menu_add.obj
 0003:00006cd0       ?local_array_alloc@@3HA    00493cd0     fltk:Fl_Menu_add.obj
 0003:00006cd4       ?local_array_size@@3HA     00493cd4     fltk:Fl_Menu_add.obj
 0003:00006cd8       ?offcenter@?9??handle@Fl_Slider@@IAEHHHHHH@Z@4HA 00493cd8     fltk:Fl_Slider.obj
 0003:00006cdc       ?image_new@@3VFl_Bitmap@@A 00493cdc     fltk:Fl_File_Chooser.obj
 0003:00006d10       ?pathname@?1??value@Fl_File_Chooser@@QAEPBDH@Z@4PADA 00493d10     fltk:Fl_File_Chooser2.obj
 0003:00007518       ?ncolors@@3HA              00494518     fltk:fl_draw_pixmap.obj
 0003:0000751c       ?chars_per_pixel@@3HA      0049451c     fltk:fl_draw_pixmap.obj
 0003:00007520       ?color_count@@3HA          00494520     fltk:fl_draw_pixmap.obj
 0003:00007524       ?used_colors@@3PAUUsedColor@@A 00494524     fltk:fl_draw_pixmap.obj
 0003:00007528       ?table@?1??XUtf8Toupper@@9@9 00494528     fltk:case.obj
 0003:00007530       ?symbols@@3PAUSYMBOL@@A    00494530     fltk:fl_symbols.obj
 0003:00007f14       ?beenhere@?1??fl_init_symbols@@YAXXZ@4DA 00494f14     fltk:fl_symbols.obj
 0003:00007f18       ?cursor@?1??set_cursor@@YAXPAVFl_Tile@@W4Fl_Cursor@@@Z@4W43@A 00494f18     fltk:Fl_Tile.obj
 0003:00007f1c       ?sdrag@?1??handle@Fl_Tile@@UAEHH@Z@4HA 00494f1c     fltk:Fl_Tile.obj
 0003:00007f20       ?sdx@?1??handle@Fl_Tile@@UAEHH@Z@4HA 00494f20     fltk:Fl_Tile.obj
 0003:00007f24       ?sdy@?1??handle@Fl_Tile@@UAEHH@Z@4HA 00494f24     fltk:Fl_Tile.obj
 0003:00007f28       ?sx@?1??handle@Fl_Tile@@UAEHH@Z@4HA 00494f28     fltk:Fl_Tile.obj
 0003:00007f2c       ?sy@?1??handle@Fl_Tile@@UAEHH@Z@4HA 00494f2c     fltk:Fl_Tile.obj
 0003:00007f30       ?change@?1??handle@Fl_Browser_@@UAEHH@Z@4DA 00494f30     fltk:Fl_Browser_.obj
 0003:00007f31       ?whichway@?1??handle@Fl_Browser_@@UAEHH@Z@4DA 00494f31     fltk:Fl_Browser_.obj
 0003:00007f34       ?py@?1??handle@Fl_Browser_@@UAEHH@Z@4HA 00494f34     fltk:Fl_Browser_.obj
 0003:00007f38       ?inButtonBar@?1??handle@Fl_File_Input@@UAEHH@Z@4DA 00494f38     fltk:Fl_File_Input.obj
 0003:00007f58       ?SWAP_TYPE@@3DA            00494f58     fltkgl:Fl_Gl_Window.obj
 0003:00007f60       ?ortho_context@?DG@??flush@Fl_Gl_Window@@UAEXXZ@4PAUHGLRC__@@A 00494f60     fltkgl:Fl_Gl_Window.obj
 0003:00007f64       ?ortho_window@?DG@??flush@Fl_Gl_Window@@UAEXXZ@4PAV2@A 00494f64     fltkgl:Fl_Gl_Window.obj
 0003:00007f68       ?context_list@@3PAPAUHGLRC__@@A 00494f68     fltkgl:Fl_Gl_Choice.obj
 0003:00007f6c       ?nContext@@3HA             00494f6c     fltkgl:Fl_Gl_Choice.obj
 0003:00007f70       ?NContext@@3HA             00494f70     fltkgl:Fl_Gl_Choice.obj
 0003:00007f74       ?first@@3PAVFl_Gl_Choice@@A 00494f74     fltkgl:Fl_Gl_Choice.obj
 0003:00007f78       ?cached_context@@3PAUHGLRC__@@A 00494f78     fltkgl:Fl_Gl_Choice.obj
 0003:00007f7c       ?cached_window@@3PAVFl_Window@@A 00494f7c     fltkgl:Fl_Gl_Choice.obj
 0003:00007f84       ?Gl_Device_Plugin@@3VFl_Gl_Device_Plugin@@A 00494f84     fltkgl:Fl_Gl_Device_Plugin.obj
 0003:00007f8c       ?gl_fontsize@@3PAVFl_Font_Descriptor@@A 00494f8c     fltkgl:gl_draw.obj
 0003:00007f90       ?buf@?1??gl_draw@@YAXPBDH@Z@4PA_WA 00494f90     fltkgl:gl_draw.obj
 0003:00007f94       ?l@?1??gl_draw@@YAXPBDH@Z@4HA 00494f94     fltkgl:gl_draw.obj
 0003:00007f98       _GS_ExceptionRecord        00494f98     MSVCRT:gs_report.obj
 0003:00007fe8       _GS_ContextRecord          00494fe8     MSVCRT:gs_report.obj
 0003:000082bc       ?module_local_atexit_table@@3U_onexit_table_t@@A 004952bc     MSVCRT:utility.obj
 0003:000082c8       ?module_local_at_quick_exit_table@@3U_onexit_table_t@@A 004952c8     MSVCRT:utility.obj
 0003:000082d4       ?is_initialized_as_dll@@3_NA 004952d4     MSVCRT:utility.obj
 0003:000082d8       ?_Tss_mutex@@3U_RTL_CRITICAL_SECTION@@A 004952d8     MSVCRT:thread_safe_statics.obj
 0003:000082f0       ?_Tss_cv@@3U_RTL_CONDITION_VARIABLE@@A 004952f0     MSVCRT:thread_safe_statics.obj
 0003:000082f4       ?_Tss_event@@3PAXA         004952f4     MSVCRT:thread_safe_statics.obj
 0003:000082f8       ?encoded_sleep_condition_variable_cs@@3P6GHPAU_RTL_CONDITION_VARIABLE@@PAU_RTL_CRITICAL_SECTION@@K@ZA 004952f8     MSVCRT:thread_safe_statics.obj
 0003:000082fc       ?encoded_wake_all_condition_variable@@3P6GXPAU_RTL_CONDITION_VARIABLE@@@ZA 004952fc     MSVCRT:thread_safe_statics.obj
 0003:0000831c       ?_Fac_head@std@@3PAU_Fac_node@1@A 0049531c     msvcprt:locale0_implib.obj
 0003:00008320       ?_Fac_tidy_reg@std@@3U_Fac_tidy_reg_t@1@B 00495320     msvcprt:locale0_implib.obj
 0003:00008324       ?mbwbuf@?1??mbcs2utf@@9@9  00495324     fltk:fl_call_main.obj
 0004:00000000       __guard_fids__             00496000     MSVCRT:std_type_info_static.obj
 0004:00000004       __guard_fids__             00496004     MSVCRT:exe_winmain.obj
 0004:00000008       __guard_fids__             00496008     MSVCRT:exe_winmain.obj
 0004:0000000c       __guard_fids__             0049600c     MSVCRT:exe_winmain.obj
 0004:00000010       __guard_fids_?pre_c_initialization@@YAHXZ 00496010     MSVCRT:exe_winmain.obj
 0004:00000018       __guard_fids__             00496018     MSVCRT:thread_safe_statics.obj
 0004:0000001c       __guard_fids_?__scrt_initialize_thread_safe_statics@@YAHXZ 0049601c     MSVCRT:thread_safe_statics.obj
 0004:00000020       __guard_fids__             00496020     MSVCRT:throw_bad_alloc.obj
 0004:00000028       __guard_fids__             00496028     MSVCRT:throw_bad_alloc.obj
 0004:00000030       __guard_fids__             00496030     MSVCRT:throw_bad_alloc.obj
 0004:00000034       __guard_fids__             00496034     MSVCRT:throw_bad_alloc.obj
 0004:00000038       __guard_fids__             00496038     MSVCRT:throw_bad_alloc.obj
 0004:0000003c       __guard_fids__             0049603c     MSVCRT:throw_bad_alloc.obj
 0004:00000040       __guard_fids____scrt_set_unhandled_exception_filter 00496040     MSVCRT:utility_desktop.obj
 0004:00000044       __guard_fids___except_handler4 00496044     MSVCRT:_chandler4gs_.obj
 0004:00000048       __guard_fids__             00496048     MSVCRT:guard_support.obj
 0004:0000004c       __guard_fids___guard_icall_checks_enforced 0049604c     MSVCRT:guard_support.obj
 0004:00000050       __guard_fids_??__E_Fac_tidy_reg@std@@YAXXZ 00496050     msvcprt:locale0_implib.obj
 0004:00000054       __guard_fids__             00496054     msvcprt:locale0_implib.obj
 0006:00000060       $R000000                   00498060     * linker generated manifest res *
